2016-03-14 12:20:27.139 21293 DEBUG oslo_service.service [req-fd174ad3-649f-4801-9e74-e73f413262d0 admin - - - -] instance_uuid_format           = [instance: %(uuid)s]  log_opt_values /usr/lib/python2.7/site-packages/oslo_config/cfg.py:2517
2016-03-14 12:20:27.139 21289 DEBUG oslo_service.service [req-1870ee03-9ad7-4889-904f-ce8ebaa8eb52 admin - - - -] service_credentials.interface  = public log_opt_values /usr/lib/python2.7/site-packages/oslo_config/cfg.py:2525
2016-03-14 12:20:27.140 21291 DEBUG oslo_service.service [req-15f83cce-e4e3-4cac-a55e-f5f4764b65fd admin - - - -] rgw_admin_credentials.secret_key = **** log_opt_values /usr/lib/python2.7/site-packages/oslo_config/cfg.py:2525
2016-03-14 12:20:27.140 21293 DEBUG oslo_service.service [req-fd174ad3-649f-4801-9e74-e73f413262d0 admin - - - -] libvirt_type                   = kvm log_opt_values /usr/lib/python2.7/site-packages/oslo_config/cfg.py:2517
2016-03-14 12:20:27.140 21289 DEBUG oslo_service.service [req-1870ee03-9ad7-4889-904f-ce8ebaa8eb52 admin - - - -] service_credentials.keyfile    = None log_opt_values /usr/lib/python2.7/site-packages/oslo_config/cfg.py:2525
2016-03-14 12:20:27.140 21291 DEBUG oslo_service.service [req-15f83cce-e4e3-4cac-a55e-f5f4764b65fd admin - - - -] hardware.readonly_user_name    = ro_snmp_user log_opt_values /usr/lib/python2.7/site-packages/oslo_config/cfg.py:2525
2016-03-14 12:20:27.141 21289 DEBUG oslo_service.service [req-1870ee03-9ad7-4889-904f-ce8ebaa8eb52 admin - - - -] service_credentials.os_auth_url = http://192.168.122.1:5000/v2.0 log_opt_values /usr/lib/python2.7/site-packages/oslo_config/cfg.py:2525
2016-03-14 12:20:27.141 21293 DEBUG oslo_service.service [req-fd174ad3-649f-4801-9e74-e73f413262d0 admin - - - -] libvirt_uri                    =  log_opt_values /usr/lib/python2.7/site-packages/oslo_config/cfg.py:2517
2016-03-14 12:20:27.141 21291 DEBUG oslo_service.service [req-15f83cce-e4e3-4cac-a55e-f5f4764b65fd admin - - - -] hardware.readonly_user_password = **** log_opt_values /usr/lib/python2.7/site-packages/oslo_config/cfg.py:2525
2016-03-14 12:20:27.141 21289 DEBUG oslo_service.service [req-1870ee03-9ad7-4889-904f-ce8ebaa8eb52 admin - - - -] service_credentials.os_password = **** log_opt_values /usr/lib/python2.7/site-packages/oslo_config/cfg.py:2525
2016-03-14 12:20:27.141 21293 DEBUG oslo_service.service [req-fd174ad3-649f-4801-9e74-e73f413262d0 admin - - - -] log_config_append              = None log_opt_values /usr/lib/python2.7/site-packages/oslo_config/cfg.py:2517
2016-03-14 12:20:27.142 21291 DEBUG oslo_service.service [req-15f83cce-e4e3-4cac-a55e-f5f4764b65fd admin - - - -] hardware.url_scheme            = snmp:// log_opt_values /usr/lib/python2.7/site-packages/oslo_config/cfg.py:2525
2016-03-14 12:20:27.142 21289 DEBUG oslo_service.service [req-1870ee03-9ad7-4889-904f-ce8ebaa8eb52 admin - - - -] service_credentials.os_tenant_id = None log_opt_values /usr/lib/python2.7/site-packages/oslo_config/cfg.py:2525
2016-03-14 12:20:27.142 21293 DEBUG oslo_service.service [req-fd174ad3-649f-4801-9e74-e73f413262d0 admin - - - -] log_date_format                = %Y-%m-%d %H:%M:%S log_opt_values /usr/lib/python2.7/site-packages/oslo_config/cfg.py:2517
2016-03-14 12:20:27.142 21289 DEBUG oslo_service.service [req-1870ee03-9ad7-4889-904f-ce8ebaa8eb52 admin - - - -] service_credentials.os_tenant_name = service log_opt_values /usr/lib/python2.7/site-packages/oslo_config/cfg.py:2525
2016-03-14 12:20:27.142 21291 DEBUG oslo_service.service [req-15f83cce-e4e3-4cac-a55e-f5f4764b65fd admin - - - -] api.workers                    = 1 log_opt_values /usr/lib/python2.7/site-packages/oslo_config/cfg.py:2525
2016-03-14 12:20:27.143 21293 DEBUG oslo_service.service [req-fd174ad3-649f-4801-9e74-e73f413262d0 admin - - - -] log_dir                        = /var/log/ceilometer/ log_opt_values /usr/lib/python2.7/site-packages/oslo_config/cfg.py:2517
2016-03-14 12:20:27.143 21291 DEBUG oslo_service.service [req-15f83cce-e4e3-4cac-a55e-f5f4764b65fd admin - - - -] service_credentials.auth_section = None log_opt_values /usr/lib/python2.7/site-packages/oslo_config/cfg.py:2525
2016-03-14 12:20:27.143 21289 DEBUG oslo_service.service [req-1870ee03-9ad7-4889-904f-ce8ebaa8eb52 admin - - - -] service_credentials.os_username = ceilometer log_opt_values /usr/lib/python2.7/site-packages/oslo_config/cfg.py:2525
2016-03-14 12:20:27.143 21293 DEBUG oslo_service.service [req-fd174ad3-649f-4801-9e74-e73f413262d0 admin - - - -] log_file                       = None log_opt_values /usr/lib/python2.7/site-packages/oslo_config/cfg.py:2517
2016-03-14 12:20:27.144 21291 DEBUG oslo_service.service [req-15f83cce-e4e3-4cac-a55e-f5f4764b65fd admin - - - -] service_credentials.auth_type  = password-ceilometer-legacy log_opt_values /usr/lib/python2.7/site-packages/oslo_config/cfg.py:2525
2016-03-14 12:20:27.144 21289 DEBUG oslo_service.service [req-1870ee03-9ad7-4889-904f-ce8ebaa8eb52 admin - - - -] service_credentials.region_name = RegionOne log_opt_values /usr/lib/python2.7/site-packages/oslo_config/cfg.py:2525
2016-03-14 12:20:27.144 21293 DEBUG oslo_service.service [req-fd174ad3-649f-4801-9e74-e73f413262d0 admin - - - -] log_format                     = None log_opt_values /usr/lib/python2.7/site-packages/oslo_config/cfg.py:2517
2016-03-14 12:20:27.144 21291 DEBUG oslo_service.service [req-15f83cce-e4e3-4cac-a55e-f5f4764b65fd admin - - - -] service_credentials.cafile     = None log_opt_values /usr/lib/python2.7/site-packages/oslo_config/cfg.py:2525
2016-03-14 12:20:27.145 21289 DEBUG oslo_service.service [req-1870ee03-9ad7-4889-904f-ce8ebaa8eb52 admin - - - -] service_credentials.timeout    = None log_opt_values /usr/lib/python2.7/site-packages/oslo_config/cfg.py:2525
2016-03-14 12:20:27.145 21293 DEBUG oslo_service.service [req-fd174ad3-649f-4801-9e74-e73f413262d0 admin - - - -] log_options                    = True log_opt_values /usr/lib/python2.7/site-packages/oslo_config/cfg.py:2517
2016-03-14 12:20:27.145 21291 DEBUG oslo_service.service [req-15f83cce-e4e3-4cac-a55e-f5f4764b65fd admin - - - -] service_credentials.certfile   = None log_opt_values /usr/lib/python2.7/site-packages/oslo_config/cfg.py:2525
2016-03-14 12:20:27.145 21293 DEBUG oslo_service.service [req-fd174ad3-649f-4801-9e74-e73f413262d0 admin - - - -] logging_context_format_string  = %(asctime)s.%(msecs)03d %(process)d %(levelname)s %(name)s [%(request_id)s %(user_identity)s] %(instance)s%(message)s log_opt_values /usr/lib/python2.7/site-packages/oslo_config/cfg.py:2517
2016-03-14 12:20:27.145 21289 DEBUG oslo_service.service [req-1870ee03-9ad7-4889-904f-ce8ebaa8eb52 admin - - - -] polling.partitioning_group_prefix = None log_opt_values /usr/lib/python2.7/site-packages/oslo_config/cfg.py:2525
2016-03-14 12:20:27.146 21293 DEBUG oslo_service.service [req-fd174ad3-649f-4801-9e74-e73f413262d0 admin - - - -] logging_debug_format_suffix    = %(funcName)s %(pathname)s:%(lineno)d log_opt_values /usr/lib/python2.7/site-packages/oslo_config/cfg.py:2517
2016-03-14 12:20:27.146 21289 DEBUG oslo_service.service [req-1870ee03-9ad7-4889-904f-ce8ebaa8eb52 admin - - - -] oslo_messaging_notifications.driver = [] log_opt_values /usr/lib/python2.7/site-packages/oslo_config/cfg.py:2525
2016-03-14 12:20:27.146 21291 DEBUG oslo_service.service [req-15f83cce-e4e3-4cac-a55e-f5f4764b65fd admin - - - -] service_credentials.insecure   = False log_opt_values /usr/lib/python2.7/site-packages/oslo_config/cfg.py:2525
2016-03-14 12:20:27.146 21289 DEBUG oslo_service.service [req-1870ee03-9ad7-4889-904f-ce8ebaa8eb52 admin - - - -] oslo_messaging_notifications.topics = ['notifications'] log_opt_values /usr/lib/python2.7/site-packages/oslo_config/cfg.py:2525
2016-03-14 12:20:27.146 21293 DEBUG oslo_service.service [req-fd174ad3-649f-4801-9e74-e73f413262d0 admin - - - -] logging_default_format_string  = %(asctime)s.%(msecs)03d %(process)d %(levelname)s %(name)s [-] %(instance)s%(message)s log_opt_values /usr/lib/python2.7/site-packages/oslo_config/cfg.py:2517
2016-03-14 12:20:27.147 21291 DEBUG oslo_service.service [req-15f83cce-e4e3-4cac-a55e-f5f4764b65fd admin - - - -] service_credentials.interface  = public log_opt_values /usr/lib/python2.7/site-packages/oslo_config/cfg.py:2525
2016-03-14 12:20:27.147 21289 DEBUG oslo_service.service [req-1870ee03-9ad7-4889-904f-ce8ebaa8eb52 admin - - - -] oslo_messaging_notifications.transport_url = None log_opt_values /usr/lib/python2.7/site-packages/oslo_config/cfg.py:2525
2016-03-14 12:20:27.147 21293 DEBUG oslo_service.service [req-fd174ad3-649f-4801-9e74-e73f413262d0 admin - - - -] logging_exception_prefix       = %(asctime)s.%(msecs)03d %(process)d ERROR %(name)s %(instance)s log_opt_values /usr/lib/python2.7/site-packages/oslo_config/cfg.py:2517
2016-03-14 12:20:27.148 21291 DEBUG oslo_service.service [req-15f83cce-e4e3-4cac-a55e-f5f4764b65fd admin - - - -] service_credentials.keyfile    = None log_opt_values /usr/lib/python2.7/site-packages/oslo_config/cfg.py:2525
2016-03-14 12:20:27.148 21289 DEBUG oslo_service.service [req-1870ee03-9ad7-4889-904f-ce8ebaa8eb52 admin - - - -] publisher_notifier.event_topic = event log_opt_values /usr/lib/python2.7/site-packages/oslo_config/cfg.py:2525
2016-03-14 12:20:27.148 21293 DEBUG oslo_service.service [req-fd174ad3-649f-4801-9e74-e73f413262d0 admin - - - -] logging_user_identity_format   = %(user)s %(tenant)s %(domain)s %(user_domain)s %(project_domain)s log_opt_values /usr/lib/python2.7/site-packages/oslo_config/cfg.py:2517
2016-03-14 12:20:27.148 21293 DEBUG oslo_service.service [req-fd174ad3-649f-4801-9e74-e73f413262d0 admin - - - -] nova_http_log_debug            = False log_opt_values /usr/lib/python2.7/site-packages/oslo_config/cfg.py:2517
2016-03-14 12:20:27.148 21291 DEBUG oslo_service.service [req-15f83cce-e4e3-4cac-a55e-f5f4764b65fd admin - - - -] service_credentials.os_auth_url = http://192.168.122.1:5000/v2.0 log_opt_values /usr/lib/python2.7/site-packages/oslo_config/cfg.py:2525
2016-03-14 12:20:27.149 21293 DEBUG oslo_service.service [req-fd174ad3-649f-4801-9e74-e73f413262d0 admin - - - -] pipeline_cfg_file              = pipeline.yaml log_opt_values /usr/lib/python2.7/site-packages/oslo_config/cfg.py:2517
2016-03-14 12:20:27.148 21289 DEBUG oslo_service.service [req-1870ee03-9ad7-4889-904f-ce8ebaa8eb52 admin - - - -] publisher_notifier.metering_topic = metering log_opt_values /usr/lib/python2.7/site-packages/oslo_config/cfg.py:2525
2016-03-14 12:20:27.150 21291 DEBUG oslo_service.service [req-15f83cce-e4e3-4cac-a55e-f5f4764b65fd admin - - - -] service_credentials.os_password = **** log_opt_values /usr/lib/python2.7/site-packages/oslo_config/cfg.py:2525
2016-03-14 12:20:27.150 21289 DEBUG oslo_service.service [req-1870ee03-9ad7-4889-904f-ce8ebaa8eb52 admin - - - -] publisher_notifier.telemetry_driver = messagingv2 log_opt_values /usr/lib/python2.7/site-packages/oslo_config/cfg.py:2525
2016-03-14 12:20:27.150 21293 DEBUG oslo_service.service [req-fd174ad3-649f-4801-9e74-e73f413262d0 admin - - - -] pipeline_polling_interval      = 20 log_opt_values /usr/lib/python2.7/site-packages/oslo_config/cfg.py:2517
2016-03-14 12:20:27.150 21289 DEBUG oslo_service.service [req-1870ee03-9ad7-4889-904f-ce8ebaa8eb52 admin - - - -] collector.workers              = 2 log_opt_values /usr/lib/python2.7/site-packages/oslo_config/cfg.py:2525
2016-03-14 12:20:27.150 21291 DEBUG oslo_service.service [req-15f83cce-e4e3-4cac-a55e-f5f4764b65fd admin - - - -] service_credentials.os_tenant_id = None log_opt_values /usr/lib/python2.7/site-packages/oslo_config/cfg.py:2525
2016-03-14 12:20:27.150 21293 DEBUG oslo_service.service [req-fd174ad3-649f-4801-9e74-e73f413262d0 admin - - - -] polling_namespaces             = ['compute'] log_opt_values /usr/lib/python2.7/site-packages/oslo_config/cfg.py:2517
2016-03-14 12:20:27.151 21289 DEBUG oslo_service.service [req-1870ee03-9ad7-4889-904f-ce8ebaa8eb52 admin - - - -] coordination.backend_url       = None log_opt_values /usr/lib/python2.7/site-packages/oslo_config/cfg.py:2525
2016-03-14 12:20:27.151 21291 DEBUG oslo_service.service [req-15f83cce-e4e3-4cac-a55e-f5f4764b65fd admin - - - -] service_credentials.os_tenant_name = service log_opt_values /usr/lib/python2.7/site-packages/oslo_config/cfg.py:2525
2016-03-14 12:20:27.151 21293 DEBUG oslo_service.service [req-fd174ad3-649f-4801-9e74-e73f413262d0 admin - - - -] pollster_list                  = [] log_opt_values /usr/lib/python2.7/site-packages/oslo_config/cfg.py:2517
2016-03-14 12:20:27.151 21289 DEBUG oslo_service.service [req-1870ee03-9ad7-4889-904f-ce8ebaa8eb52 admin - - - -] coordination.check_watchers    = 10.0 log_opt_values /usr/lib/python2.7/site-packages/oslo_config/cfg.py:2525
2016-03-14 12:20:27.152 21293 DEBUG oslo_service.service [req-fd174ad3-649f-4801-9e74-e73f413262d0 admin - - - -] publish_errors                 = False log_opt_values /usr/lib/python2.7/site-packages/oslo_config/cfg.py:2517
2016-03-14 12:20:27.152 21289 DEBUG oslo_service.service [req-1870ee03-9ad7-4889-904f-ce8ebaa8eb52 admin - - - -] coordination.heartbeat         = 1.0 log_opt_values /usr/lib/python2.7/site-packages/oslo_config/cfg.py:2525
2016-03-14 12:20:27.152 21291 DEBUG oslo_service.service [req-15f83cce-e4e3-4cac-a55e-f5f4764b65fd admin - - - -] service_credentials.os_username = ceilometer log_opt_values /usr/lib/python2.7/site-packages/oslo_config/cfg.py:2525
2016-03-14 12:20:27.153 21289 DEBUG oslo_service.service [req-1870ee03-9ad7-4889-904f-ce8ebaa8eb52 admin - - - -] oslo_concurrency.disable_process_locking = False log_opt_values /usr/lib/python2.7/site-packages/oslo_config/cfg.py:2525
2016-03-14 12:20:27.153 21293 DEBUG oslo_service.service [req-fd174ad3-649f-4801-9e74-e73f413262d0 admin - - - -] refresh_event_pipeline_cfg     = False log_opt_values /usr/lib/python2.7/site-packages/oslo_config/cfg.py:2517
2016-03-14 12:20:27.153 21289 DEBUG oslo_service.service [req-1870ee03-9ad7-4889-904f-ce8ebaa8eb52 admin - - - -] oslo_concurrency.lock_path     = None log_opt_values /usr/lib/python2.7/site-packages/oslo_config/cfg.py:2525
2016-03-14 12:20:27.153 21293 DEBUG oslo_service.service [req-fd174ad3-649f-4801-9e74-e73f413262d0 admin - - - -] refresh_pipeline_cfg           = False log_opt_values /usr/lib/python2.7/site-packages/oslo_config/cfg.py:2517
2016-03-14 12:20:27.153 21291 DEBUG oslo_service.service [req-15f83cce-e4e3-4cac-a55e-f5f4764b65fd admin - - - -] service_credentials.region_name = RegionOne log_opt_values /usr/lib/python2.7/site-packages/oslo_config/cfg.py:2525
2016-03-14 12:20:27.154 21289 DEBUG oslo_service.service [req-1870ee03-9ad7-4889-904f-ce8ebaa8eb52 admin - - - -] ******************************************************************************** log_opt_values /usr/lib/python2.7/site-packages/oslo_config/cfg.py:2527
2016-03-14 12:20:27.154 21293 DEBUG oslo_service.service [req-fd174ad3-649f-4801-9e74-e73f413262d0 admin - - - -] reseller_prefix                = AUTH_ log_opt_values /usr/lib/python2.7/site-packages/oslo_config/cfg.py:2517
2016-03-14 12:20:27.154 21291 DEBUG oslo_service.service [req-15f83cce-e4e3-4cac-a55e-f5f4764b65fd admin - - - -] service_credentials.timeout    = None log_opt_values /usr/lib/python2.7/site-packages/oslo_config/cfg.py:2525
2016-03-14 12:20:27.154 21289 DEBUG ceilometer.pipeline [req-1870ee03-9ad7-4889-904f-ce8ebaa8eb52 admin - - - -] Polling config file: /etc/ceilometer/pipeline.yaml _setup_polling_manager /opt/stack/ceilometer/ceilometer/pipeline.py:804
2016-03-14 12:20:27.155 21293 DEBUG oslo_service.service [req-fd174ad3-649f-4801-9e74-e73f413262d0 admin - - - -] reserved_metadata_keys         = [] log_opt_values /usr/lib/python2.7/site-packages/oslo_config/cfg.py:2517
2016-03-14 12:20:27.155 21291 DEBUG oslo_service.service [req-15f83cce-e4e3-4cac-a55e-f5f4764b65fd admin - - - -] polling.partitioning_group_prefix = None log_opt_values /usr/lib/python2.7/site-packages/oslo_config/cfg.py:2525
2016-03-14 12:20:27.155 21293 DEBUG oslo_service.service [req-fd174ad3-649f-4801-9e74-e73f413262d0 admin - - - -] reserved_metadata_length       = 256 log_opt_values /usr/lib/python2.7/site-packages/oslo_config/cfg.py:2517
2016-03-14 12:20:27.155 21291 DEBUG oslo_service.service [req-15f83cce-e4e3-4cac-a55e-f5f4764b65fd admin - - - -] ipmi.node_manager_init_retry   = 3 log_opt_values /usr/lib/python2.7/site-packages/oslo_config/cfg.py:2525
2016-03-14 12:20:27.156 21293 DEBUG oslo_service.service [req-fd174ad3-649f-4801-9e74-e73f413262d0 admin - - - -] reserved_metadata_namespace    = ['metering.'] log_opt_values /usr/lib/python2.7/site-packages/oslo_config/cfg.py:2517
2016-03-14 12:20:27.156 21291 DEBUG oslo_service.service [req-15f83cce-e4e3-4cac-a55e-f5f4764b65fd admin - - - -] ipmi.polling_retry             = 3 log_opt_values /usr/lib/python2.7/site-packages/oslo_config/cfg.py:2525
2016-03-14 12:20:27.157 21293 DEBUG oslo_service.service [req-fd174ad3-649f-4801-9e74-e73f413262d0 admin - - - -] rootwrap_config                = /etc/ceilometer/rootwrap.conf log_opt_values /usr/lib/python2.7/site-packages/oslo_config/cfg.py:2517
2016-03-14 12:20:27.157 21291 DEBUG oslo_service.service [req-15f83cce-e4e3-4cac-a55e-f5f4764b65fd admin - - - -] publisher_notifier.event_topic = event log_opt_values /usr/lib/python2.7/site-packages/oslo_config/cfg.py:2525
2016-03-14 12:20:27.157 21293 DEBUG oslo_service.service [req-fd174ad3-649f-4801-9e74-e73f413262d0 admin - - - -] rpc_backend                    = rabbit log_opt_values /usr/lib/python2.7/site-packages/oslo_config/cfg.py:2517
2016-03-14 12:20:27.157 21291 DEBUG oslo_service.service [req-15f83cce-e4e3-4cac-a55e-f5f4764b65fd admin - - - -] publisher_notifier.metering_topic = metering log_opt_values /usr/lib/python2.7/site-packages/oslo_config/cfg.py:2525
2016-03-14 12:20:27.158 21293 DEBUG oslo_service.service [req-fd174ad3-649f-4801-9e74-e73f413262d0 admin - - - -] sample_source                  = openstack log_opt_values /usr/lib/python2.7/site-packages/oslo_config/cfg.py:2517
2016-03-14 12:20:27.158 21291 DEBUG oslo_service.service [req-15f83cce-e4e3-4cac-a55e-f5f4764b65fd admin - - - -] publisher_notifier.telemetry_driver = messagingv2 log_opt_values /usr/lib/python2.7/site-packages/oslo_config/cfg.py:2525
2016-03-14 12:20:27.159 21291 DEBUG oslo_service.service [req-15f83cce-e4e3-4cac-a55e-f5f4764b65fd admin - - - -] collector.workers              = 2 log_opt_values /usr/lib/python2.7/site-packages/oslo_config/cfg.py:2525
2016-03-14 12:20:27.159 21293 DEBUG oslo_service.service [req-fd174ad3-649f-4801-9e74-e73f413262d0 admin - - - -] shuffle_time_before_polling_task = 0 log_opt_values /usr/lib/python2.7/site-packages/oslo_config/cfg.py:2517
2016-03-14 12:20:27.160 21291 DEBUG oslo_service.service [req-15f83cce-e4e3-4cac-a55e-f5f4764b65fd admin - - - -] coordination.backend_url       = None log_opt_values /usr/lib/python2.7/site-packages/oslo_config/cfg.py:2525
2016-03-14 12:20:27.160 21293 DEBUG oslo_service.service [req-fd174ad3-649f-4801-9e74-e73f413262d0 admin - - - -] sql_expire_samples_only        = False log_opt_values /usr/lib/python2.7/site-packages/oslo_config/cfg.py:2517
2016-03-14 12:20:27.160 21291 DEBUG oslo_service.service [req-15f83cce-e4e3-4cac-a55e-f5f4764b65fd admin - - - -] coordination.check_watchers    = 10.0 log_opt_values /usr/lib/python2.7/site-packages/oslo_config/cfg.py:2525
2016-03-14 12:20:27.160 21293 DEBUG oslo_service.service [req-fd174ad3-649f-4801-9e74-e73f413262d0 admin - - - -] syslog_log_facility            = LOG_USER log_opt_values /usr/lib/python2.7/site-packages/oslo_config/cfg.py:2517
2016-03-14 12:20:27.161 21291 DEBUG oslo_service.service [req-15f83cce-e4e3-4cac-a55e-f5f4764b65fd admin - - - -] coordination.heartbeat         = 1.0 log_opt_values /usr/lib/python2.7/site-packages/oslo_config/cfg.py:2525
2016-03-14 12:20:27.161 21293 DEBUG oslo_service.service [req-fd174ad3-649f-4801-9e74-e73f413262d0 admin - - - -] transport_url                  = None log_opt_values /usr/lib/python2.7/site-packages/oslo_config/cfg.py:2517
2016-03-14 12:20:27.162 21293 DEBUG oslo_service.service [req-fd174ad3-649f-4801-9e74-e73f413262d0 admin - - - -] use_stderr                     = True log_opt_values /usr/lib/python2.7/site-packages/oslo_config/cfg.py:2517
2016-03-14 12:20:27.162 21291 DEBUG oslo_service.service [req-15f83cce-e4e3-4cac-a55e-f5f4764b65fd admin - - - -] oslo_messaging_notifications.driver = [] log_opt_values /usr/lib/python2.7/site-packages/oslo_config/cfg.py:2525
2016-03-14 12:20:27.162 21293 DEBUG oslo_service.service [req-fd174ad3-649f-4801-9e74-e73f413262d0 admin - - - -] use_syslog                     = False log_opt_values /usr/lib/python2.7/site-packages/oslo_config/cfg.py:2517
2016-03-14 12:20:27.163 21291 DEBUG oslo_service.service [req-15f83cce-e4e3-4cac-a55e-f5f4764b65fd admin - - - -] oslo_messaging_notifications.topics = ['notifications'] log_opt_values /usr/lib/python2.7/site-packages/oslo_config/cfg.py:2525
2016-03-14 12:20:27.163 21293 DEBUG oslo_service.service [req-fd174ad3-649f-4801-9e74-e73f413262d0 admin - - - -] use_syslog_rfc_format          = True log_opt_values /usr/lib/python2.7/site-packages/oslo_config/cfg.py:2517
2016-03-14 12:20:27.163 21291 DEBUG oslo_service.service [req-15f83cce-e4e3-4cac-a55e-f5f4764b65fd admin - - - -] oslo_messaging_notifications.transport_url = None log_opt_values /usr/lib/python2.7/site-packages/oslo_config/cfg.py:2525
2016-03-14 12:20:27.164 21293 DEBUG oslo_service.service [req-fd174ad3-649f-4801-9e74-e73f413262d0 admin - - - -] verbose                        = True log_opt_values /usr/lib/python2.7/site-packages/oslo_config/cfg.py:2517
2016-03-14 12:20:27.164 21291 DEBUG oslo_service.service [req-15f83cce-e4e3-4cac-a55e-f5f4764b65fd admin - - - -] oslo_concurrency.disable_process_locking = False log_opt_values /usr/lib/python2.7/site-packages/oslo_config/cfg.py:2525
2016-03-14 12:20:27.164 21293 DEBUG oslo_service.service [req-fd174ad3-649f-4801-9e74-e73f413262d0 admin - - - -] watch_log_file                 = False log_opt_values /usr/lib/python2.7/site-packages/oslo_config/cfg.py:2517
2016-03-14 12:20:27.165 21291 DEBUG oslo_service.service [req-15f83cce-e4e3-4cac-a55e-f5f4764b65fd admin - - - -] oslo_concurrency.lock_path     = None log_opt_values /usr/lib/python2.7/site-packages/oslo_config/cfg.py:2525
2016-03-14 12:20:27.165 21293 DEBUG oslo_service.service [req-fd174ad3-649f-4801-9e74-e73f413262d0 admin - - - -] publisher.telemetry_secret     = **** log_opt_values /usr/lib/python2.7/site-packages/oslo_config/cfg.py:2525
2016-03-14 12:20:27.165 21291 DEBUG oslo_service.service [req-15f83cce-e4e3-4cac-a55e-f5f4764b65fd admin - - - -] ******************************************************************************** log_opt_values /usr/lib/python2.7/site-packages/oslo_config/cfg.py:2527
2016-03-14 12:20:27.166 21293 DEBUG oslo_service.service [req-fd174ad3-649f-4801-9e74-e73f413262d0 admin - - - -] service_types.glance           = image log_opt_values /usr/lib/python2.7/site-packages/oslo_config/cfg.py:2525
2016-03-14 12:20:27.166 21291 DEBUG ceilometer.pipeline [req-15f83cce-e4e3-4cac-a55e-f5f4764b65fd admin - - - -] Polling config file: /etc/ceilometer/pipeline.yaml _setup_polling_manager /opt/stack/ceilometer/ceilometer/pipeline.py:804
2016-03-14 12:20:27.166 21293 DEBUG oslo_service.service [req-fd174ad3-649f-4801-9e74-e73f413262d0 admin - - - -] service_types.kwapi            = energy log_opt_values /usr/lib/python2.7/site-packages/oslo_config/cfg.py:2525
2016-03-14 12:20:27.167 21293 DEBUG oslo_service.service [req-fd174ad3-649f-4801-9e74-e73f413262d0 admin - - - -] service_types.neutron          = network log_opt_values /usr/lib/python2.7/site-packages/oslo_config/cfg.py:2525
2016-03-14 12:20:27.168 21293 DEBUG oslo_service.service [req-fd174ad3-649f-4801-9e74-e73f413262d0 admin - - - -] service_types.nova             = compute log_opt_values /usr/lib/python2.7/site-packages/oslo_config/cfg.py:2525
2016-03-14 12:20:27.169 21293 DEBUG oslo_service.service [req-fd174ad3-649f-4801-9e74-e73f413262d0 admin - - - -] service_types.radosgw          = object-store log_opt_values /usr/lib/python2.7/site-packages/oslo_config/cfg.py:2525
2016-03-14 12:20:27.169 21293 DEBUG oslo_service.service [req-fd174ad3-649f-4801-9e74-e73f413262d0 admin - - - -] service_types.swift            = object-store log_opt_values /usr/lib/python2.7/site-packages/oslo_config/cfg.py:2525
2016-03-14 12:20:27.170 21293 DEBUG oslo_service.service [req-fd174ad3-649f-4801-9e74-e73f413262d0 admin - - - -] compute.workload_partitioning  = False log_opt_values /usr/lib/python2.7/site-packages/oslo_config/cfg.py:2525
2016-03-14 12:20:27.171 21293 DEBUG oslo_service.service [req-fd174ad3-649f-4801-9e74-e73f413262d0 admin - - - -] database.backend               = sqlalchemy log_opt_values /usr/lib/python2.7/site-packages/oslo_config/cfg.py:2525
2016-03-14 12:20:27.171 21293 DEBUG oslo_service.service [req-fd174ad3-649f-4801-9e74-e73f413262d0 admin - - - -] database.connection            = **** log_opt_values /usr/lib/python2.7/site-packages/oslo_config/cfg.py:2525
2016-03-14 12:20:27.172 21293 DEBUG oslo_service.service [req-fd174ad3-649f-4801-9e74-e73f413262d0 admin - - - -] database.connection_debug      = 0 log_opt_values /usr/lib/python2.7/site-packages/oslo_config/cfg.py:2525
2016-03-14 12:20:27.173 21293 DEBUG oslo_service.service [req-fd174ad3-649f-4801-9e74-e73f413262d0 admin - - - -] database.connection_trace      = False log_opt_values /usr/lib/python2.7/site-packages/oslo_config/cfg.py:2525
2016-03-14 12:20:27.173 21293 DEBUG oslo_service.service [req-fd174ad3-649f-4801-9e74-e73f413262d0 admin - - - -] database.db2nosql_resource_id_maxlen = 512 log_opt_values /usr/lib/python2.7/site-packages/oslo_config/cfg.py:2525
2016-03-14 12:20:27.174 21293 DEBUG oslo_service.service [req-fd174ad3-649f-4801-9e74-e73f413262d0 admin - - - -] database.db_inc_retry_interval = True log_opt_values /usr/lib/python2.7/site-packages/oslo_config/cfg.py:2525
2016-03-14 12:20:27.174 21293 DEBUG oslo_service.service [req-fd174ad3-649f-4801-9e74-e73f413262d0 admin - - - -] database.db_max_retries        = 20 log_opt_values /usr/lib/python2.7/site-packages/oslo_config/cfg.py:2525
2016-03-14 12:20:27.175 21293 DEBUG oslo_service.service [req-fd174ad3-649f-4801-9e74-e73f413262d0 admin - - - -] database.db_max_retry_interval = 10 log_opt_values /usr/lib/python2.7/site-packages/oslo_config/cfg.py:2525
2016-03-14 12:20:27.175 21293 DEBUG oslo_service.service [req-fd174ad3-649f-4801-9e74-e73f413262d0 admin - - - -] database.db_retry_interval     = 1 log_opt_values /usr/lib/python2.7/site-packages/oslo_config/cfg.py:2525
2016-03-14 12:20:27.176 21293 DEBUG oslo_service.service [req-fd174ad3-649f-4801-9e74-e73f413262d0 admin - - - -] database.event_connection      = **** log_opt_values /usr/lib/python2.7/site-packages/oslo_config/cfg.py:2525
2016-03-14 12:20:27.177 21293 DEBUG oslo_service.service [req-fd174ad3-649f-4801-9e74-e73f413262d0 admin - - - -] database.event_time_to_live    = -1 log_opt_values /usr/lib/python2.7/site-packages/oslo_config/cfg.py:2525
2016-03-14 12:20:27.177 21293 DEBUG oslo_service.service [req-fd174ad3-649f-4801-9e74-e73f413262d0 admin - - - -] database.idle_timeout          = 3600 log_opt_values /usr/lib/python2.7/site-packages/oslo_config/cfg.py:2525
2016-03-14 12:20:27.178 21293 DEBUG oslo_service.service [req-fd174ad3-649f-4801-9e74-e73f413262d0 admin - - - -] database.max_overflow          = None log_opt_values /usr/lib/python2.7/site-packages/oslo_config/cfg.py:2525
2016-03-14 12:20:27.179 21293 DEBUG oslo_service.service [req-fd174ad3-649f-4801-9e74-e73f413262d0 admin - - - -] database.max_pool_size         = None log_opt_values /usr/lib/python2.7/site-packages/oslo_config/cfg.py:2525
2016-03-14 12:20:27.179 21293 DEBUG oslo_service.service [req-fd174ad3-649f-4801-9e74-e73f413262d0 admin - - - -] database.max_retries           = 10 log_opt_values /usr/lib/python2.7/site-packages/oslo_config/cfg.py:2525
2016-03-14 12:20:27.180 21293 DEBUG oslo_service.service [req-fd174ad3-649f-4801-9e74-e73f413262d0 admin - - - -] database.metering_connection   = **** log_opt_values /usr/lib/python2.7/site-packages/oslo_config/cfg.py:2525
2016-03-14 12:20:27.181 21293 DEBUG oslo_service.service [req-fd174ad3-649f-4801-9e74-e73f413262d0 admin - - - -] database.metering_time_to_live = -1 log_opt_values /usr/lib/python2.7/site-packages/oslo_config/cfg.py:2525
2016-03-14 12:20:27.181 21293 DEBUG oslo_service.service [req-fd174ad3-649f-4801-9e74-e73f413262d0 admin - - - -] database.min_pool_size         = 1 log_opt_values /usr/lib/python2.7/site-packages/oslo_config/cfg.py:2525
2016-03-14 12:20:27.182 21293 DEBUG oslo_service.service [req-fd174ad3-649f-4801-9e74-e73f413262d0 admin - - - -] database.mysql_sql_mode        = TRADITIONAL log_opt_values /usr/lib/python2.7/site-packages/oslo_config/cfg.py:2525
2016-03-14 12:20:27.183 21293 DEBUG oslo_service.service [req-fd174ad3-649f-4801-9e74-e73f413262d0 admin - - - -] database.pool_timeout          = None log_opt_values /usr/lib/python2.7/site-packages/oslo_config/cfg.py:2525
2016-03-14 12:20:27.183 21293 DEBUG oslo_service.service [req-fd174ad3-649f-4801-9e74-e73f413262d0 admin - - - -] database.retry_interval        = 10 log_opt_values /usr/lib/python2.7/site-packages/oslo_config/cfg.py:2525
2016-03-14 12:20:27.184 21293 DEBUG oslo_service.service [req-fd174ad3-649f-4801-9e74-e73f413262d0 admin - - - -] database.slave_connection      = **** log_opt_values /usr/lib/python2.7/site-packages/oslo_config/cfg.py:2525
2016-03-14 12:20:27.184 21293 DEBUG oslo_service.service [req-fd174ad3-649f-4801-9e74-e73f413262d0 admin - - - -] database.sqlite_db             = oslo.sqlite log_opt_values /usr/lib/python2.7/site-packages/oslo_config/cfg.py:2525
2016-03-14 12:20:27.185 21293 DEBUG oslo_service.service [req-fd174ad3-649f-4801-9e74-e73f413262d0 admin - - - -] database.sqlite_synchronous    = True log_opt_values /usr/lib/python2.7/site-packages/oslo_config/cfg.py:2525
2016-03-14 12:20:27.186 21293 DEBUG oslo_service.service [req-fd174ad3-649f-4801-9e74-e73f413262d0 admin - - - -] database.use_db_reconnect      = False log_opt_values /usr/lib/python2.7/site-packages/oslo_config/cfg.py:2525
2016-03-14 12:20:27.186 21293 DEBUG oslo_service.service [req-fd174ad3-649f-4801-9e74-e73f413262d0 admin - - - -] notification.workers           = 1 log_opt_values /usr/lib/python2.7/site-packages/oslo_config/cfg.py:2525
2016-03-14 12:20:27.187 21293 DEBUG oslo_service.service [req-fd174ad3-649f-4801-9e74-e73f413262d0 admin - - - -] oslo_messaging_rabbit.amqp_auto_delete = False log_opt_values /usr/lib/python2.7/site-packages/oslo_config/cfg.py:2525
2016-03-14 12:20:27.188 21293 DEBUG oslo_service.service [req-fd174ad3-649f-4801-9e74-e73f413262d0 admin - - - -] oslo_messaging_rabbit.amqp_durable_queues = False log_opt_values /usr/lib/python2.7/site-packages/oslo_config/cfg.py:2525
2016-03-14 12:20:27.188 21293 DEBUG oslo_service.service [req-fd174ad3-649f-4801-9e74-e73f413262d0 admin - - - -] oslo_messaging_rabbit.fake_rabbit = False log_opt_values /usr/lib/python2.7/site-packages/oslo_config/cfg.py:2525
2016-03-14 12:20:27.189 21293 DEBUG oslo_service.service [req-fd174ad3-649f-4801-9e74-e73f413262d0 admin - - - -] oslo_messaging_rabbit.heartbeat_rate = 2 log_opt_values /usr/lib/python2.7/site-packages/oslo_config/cfg.py:2525
2016-03-14 12:20:27.189 21293 DEBUG oslo_service.service [req-fd174ad3-649f-4801-9e74-e73f413262d0 admin - - - -] oslo_messaging_rabbit.heartbeat_timeout_threshold = 60 log_opt_values /usr/lib/python2.7/site-packages/oslo_config/cfg.py:2525
2016-03-14 12:20:27.190 21293 DEBUG oslo_service.service [req-fd174ad3-649f-4801-9e74-e73f413262d0 admin - - - -] oslo_messaging_rabbit.kombu_compression = None log_opt_values /usr/lib/python2.7/site-packages/oslo_config/cfg.py:2525
2016-03-14 12:20:27.191 21293 DEBUG oslo_service.service [req-fd174ad3-649f-4801-9e74-e73f413262d0 admin - - - -] oslo_messaging_rabbit.kombu_failover_strategy = round-robin log_opt_values /usr/lib/python2.7/site-packages/oslo_config/cfg.py:2525
2016-03-14 12:20:27.191 21293 DEBUG oslo_service.service [req-fd174ad3-649f-4801-9e74-e73f413262d0 admin - - - -] oslo_messaging_rabbit.kombu_missing_consumer_retry_timeout = 60 log_opt_values /usr/lib/python2.7/site-packages/oslo_config/cfg.py:2525
2016-03-14 12:20:27.192 21293 DEBUG oslo_service.service [req-fd174ad3-649f-4801-9e74-e73f413262d0 admin - - - -] oslo_messaging_rabbit.kombu_reconnect_delay = 1.0 log_opt_values /usr/lib/python2.7/site-packages/oslo_config/cfg.py:2525
2016-03-14 12:20:27.193 21293 DEBUG oslo_service.service [req-fd174ad3-649f-4801-9e74-e73f413262d0 admin - - - -] oslo_messaging_rabbit.kombu_ssl_ca_certs =  log_opt_values /usr/lib/python2.7/site-packages/oslo_config/cfg.py:2525
2016-03-14 12:20:27.193 21293 DEBUG oslo_service.service [req-fd174ad3-649f-4801-9e74-e73f413262d0 admin - - - -] oslo_messaging_rabbit.kombu_ssl_certfile =  log_opt_values /usr/lib/python2.7/site-packages/oslo_config/cfg.py:2525
2016-03-14 12:20:27.194 21293 DEBUG oslo_service.service [req-fd174ad3-649f-4801-9e74-e73f413262d0 admin - - - -] oslo_messaging_rabbit.kombu_ssl_keyfile =  log_opt_values /usr/lib/python2.7/site-packages/oslo_config/cfg.py:2525
2016-03-14 12:20:27.195 21293 DEBUG oslo_service.service [req-fd174ad3-649f-4801-9e74-e73f413262d0 admin - - - -] oslo_messaging_rabbit.kombu_ssl_version =  log_opt_values /usr/lib/python2.7/site-packages/oslo_config/cfg.py:2525
2016-03-14 12:20:27.195 21293 DEBUG oslo_service.service [req-fd174ad3-649f-4801-9e74-e73f413262d0 admin - - - -] oslo_messaging_rabbit.rabbit_ha_queues = False log_opt_values /usr/lib/python2.7/site-packages/oslo_config/cfg.py:2525
2016-03-14 12:20:27.196 21293 DEBUG oslo_service.service [req-fd174ad3-649f-4801-9e74-e73f413262d0 admin - - - -] oslo_messaging_rabbit.rabbit_host = localhost log_opt_values /usr/lib/python2.7/site-packages/oslo_config/cfg.py:2525
2016-03-14 12:20:27.196 21293 DEBUG oslo_service.service [req-fd174ad3-649f-4801-9e74-e73f413262d0 admin - - - -] oslo_messaging_rabbit.rabbit_hosts = ['192.168.122.1'] log_opt_values /usr/lib/python2.7/site-packages/oslo_config/cfg.py:2525
2016-03-14 12:20:27.197 21293 DEBUG oslo_service.service [req-fd174ad3-649f-4801-9e74-e73f413262d0 admin - - - -] oslo_messaging_rabbit.rabbit_interval_max = 30 log_opt_values /usr/lib/python2.7/site-packages/oslo_config/cfg.py:2525
2016-03-14 12:20:27.198 21293 DEBUG oslo_service.service [req-fd174ad3-649f-4801-9e74-e73f413262d0 admin - - - -] oslo_messaging_rabbit.rabbit_login_method = AMQPLAIN log_opt_values /usr/lib/python2.7/site-packages/oslo_config/cfg.py:2525
2016-03-14 12:20:27.198 21293 DEBUG oslo_service.service [req-fd174ad3-649f-4801-9e74-e73f413262d0 admin - - - -] oslo_messaging_rabbit.rabbit_max_retries = 0 log_opt_values /usr/lib/python2.7/site-packages/oslo_config/cfg.py:2525
2016-03-14 12:20:27.199 21293 DEBUG oslo_service.service [req-fd174ad3-649f-4801-9e74-e73f413262d0 admin - - - -] oslo_messaging_rabbit.rabbit_password = **** log_opt_values /usr/lib/python2.7/site-packages/oslo_config/cfg.py:2525
2016-03-14 12:20:27.200 21293 DEBUG oslo_service.service [req-fd174ad3-649f-4801-9e74-e73f413262d0 admin - - - -] oslo_messaging_rabbit.rabbit_port = 5672 log_opt_values /usr/lib/python2.7/site-packages/oslo_config/cfg.py:2525
2016-03-14 12:20:27.200 21293 DEBUG oslo_service.service [req-fd174ad3-649f-4801-9e74-e73f413262d0 admin - - - -] oslo_messaging_rabbit.rabbit_qos_prefetch_count = 0 log_opt_values /usr/lib/python2.7/site-packages/oslo_config/cfg.py:2525
2016-03-14 12:20:27.201 21293 DEBUG oslo_service.service [req-fd174ad3-649f-4801-9e74-e73f413262d0 admin - - - -] oslo_messaging_rabbit.rabbit_retry_backoff = 2 log_opt_values /usr/lib/python2.7/site-packages/oslo_config/cfg.py:2525
2016-03-14 12:20:27.202 21293 DEBUG oslo_service.service [req-fd174ad3-649f-4801-9e74-e73f413262d0 admin - - - -] oslo_messaging_rabbit.rabbit_retry_interval = 1 log_opt_values /usr/lib/python2.7/site-packages/oslo_config/cfg.py:2525
2016-03-14 12:20:27.202 21293 DEBUG oslo_service.service [req-fd174ad3-649f-4801-9e74-e73f413262d0 admin - - - -] oslo_messaging_rabbit.rabbit_transient_queues_ttl = 600 log_opt_values /usr/lib/python2.7/site-packages/oslo_config/cfg.py:2525
2016-03-14 12:20:27.203 21293 DEBUG oslo_service.service [req-fd174ad3-649f-4801-9e74-e73f413262d0 admin - - - -] oslo_messaging_rabbit.rabbit_use_ssl = False log_opt_values /usr/lib/python2.7/site-packages/oslo_config/cfg.py:2525
2016-03-14 12:20:27.204 21293 DEBUG oslo_service.service [req-fd174ad3-649f-4801-9e74-e73f413262d0 admin - - - -] oslo_messaging_rabbit.rabbit_userid = stackrabbit log_opt_values /usr/lib/python2.7/site-packages/oslo_config/cfg.py:2525
2016-03-14 12:20:27.204 21293 DEBUG oslo_service.service [req-fd174ad3-649f-4801-9e74-e73f413262d0 admin - - - -] oslo_messaging_rabbit.rabbit_virtual_host = / log_opt_values /usr/lib/python2.7/site-packages/oslo_config/cfg.py:2525
2016-03-14 12:20:27.205 21293 DEBUG oslo_service.service [req-fd174ad3-649f-4801-9e74-e73f413262d0 admin - - - -] oslo_messaging_rabbit.rpc_conn_pool_size = 30 log_opt_values /usr/lib/python2.7/site-packages/oslo_config/cfg.py:2525
2016-03-14 12:20:27.206 21293 DEBUG oslo_service.service [req-fd174ad3-649f-4801-9e74-e73f413262d0 admin - - - -] rgw_admin_credentials.access_key = **** log_opt_values /usr/lib/python2.7/site-packages/oslo_config/cfg.py:2525
2016-03-14 12:20:27.206 21293 DEBUG oslo_service.service [req-fd174ad3-649f-4801-9e74-e73f413262d0 admin - - - -] rgw_admin_credentials.secret_key = **** log_opt_values /usr/lib/python2.7/site-packages/oslo_config/cfg.py:2525
2016-03-14 12:20:27.207 21293 DEBUG oslo_service.service [req-fd174ad3-649f-4801-9e74-e73f413262d0 admin - - - -] hardware.readonly_user_name    = ro_snmp_user log_opt_values /usr/lib/python2.7/site-packages/oslo_config/cfg.py:2525
2016-03-14 12:20:27.206 21289 INFO ceilometer.pipeline [req-1870ee03-9ad7-4889-904f-ce8ebaa8eb52 admin - - - -] Pipeline config: {'sources': [{'interval': 600, 'meters': ['*'], 'name': 'meter_source', 'sinks': ['meter_sink']}, {'interval': 600, 'meters': ['cpu'], 'name': 'cpu_source', 'sinks': ['cpu_sink', 'cpu_delta_sink']}, {'interval': 600, 'meters': ['disk.read.bytes', 'disk.read.requests', 'disk.write.bytes', 'disk.write.requests', 'disk.device.read.bytes', 'disk.device.read.requests', 'disk.device.write.bytes', 'disk.device.write.requests'], 'name': 'disk_source', 'sinks': ['disk_sink']}, {'interval': 600, 'meters': ['network.incoming.bytes', 'network.incoming.packets', 'network.outgoing.bytes', 'network.outgoing.packets'], 'name': 'network_source', 'sinks': ['network_sink']}], 'sinks': [{'publishers': ['notifier://'], 'transformers': None, 'name': 'meter_sink'}, {'publishers': ['notifier://'], 'transformers': [{'name': 'rate_of_change', 'parameters': {'target': {'scale': '100.0 / (10**9 * (resource_metadata.cpu_number or 1))', 'type': 'gauge', 'name': 'cpu_util', 'unit': '%'}}}], 'name': 'cpu_sink'}, {'publishers': ['notifier://'], 'transformers': [{'name': 'delta', 'parameters': {'target': {'name': 'cpu.delta'}, 'growth_only': True}}], 'name': 'cpu_delta_sink'}, {'publishers': ['notifier://'], 'transformers': [{'name': 'rate_of_change', 'parameters': {'source': {'map_from': {'name': '(disk\\.device|disk)\\.(read|write)\\.(bytes|requests)', 'unit': '(B|request)'}}, 'target': {'type': 'gauge', 'map_to': {'name': '\\1.\\2.\\3.rate', 'unit': '\\1/s'}}}}], 'name': 'disk_sink'}, {'publishers': ['notifier://'], 'transformers': [{'name': 'rate_of_change', 'parameters': {'source': {'map_from': {'name': 'network\\.(incoming|outgoing)\\.(bytes|packets)', 'unit': '(B|packet)'}}, 'target': {'type': 'gauge', 'map_to': {'name': 'network.\\1.\\2.rate', 'unit': '\\1/s'}}}}], 'name': 'network_sink'}]}
2016-03-14 12:20:27.207 21293 DEBUG oslo_service.service [req-fd174ad3-649f-4801-9e74-e73f413262d0 admin - - - -] hardware.readonly_user_password = **** log_opt_values /usr/lib/python2.7/site-packages/oslo_config/cfg.py:2525
2016-03-14 12:20:27.208 21293 DEBUG oslo_service.service [req-fd174ad3-649f-4801-9e74-e73f413262d0 admin - - - -] hardware.url_scheme            = snmp:// log_opt_values /usr/lib/python2.7/site-packages/oslo_config/cfg.py:2525
2016-03-14 12:20:27.208 21289 INFO ceilometer.pipeline [req-1870ee03-9ad7-4889-904f-ce8ebaa8eb52 admin - - - -] detected decoupled pipeline config format
2016-03-14 12:20:27.209 21293 DEBUG oslo_service.service [req-fd174ad3-649f-4801-9e74-e73f413262d0 admin - - - -] api.workers                    = 1 log_opt_values /usr/lib/python2.7/site-packages/oslo_config/cfg.py:2525
2016-03-14 12:20:27.209 21293 DEBUG oslo_service.service [req-fd174ad3-649f-4801-9e74-e73f413262d0 admin - - - -] service_credentials.auth_section = None log_opt_values /usr/lib/python2.7/site-packages/oslo_config/cfg.py:2525
2016-03-14 12:20:27.210 21293 DEBUG oslo_service.service [req-fd174ad3-649f-4801-9e74-e73f413262d0 admin - - - -] service_credentials.auth_type  = password-ceilometer-legacy log_opt_values /usr/lib/python2.7/site-packages/oslo_config/cfg.py:2525
2016-03-14 12:20:27.211 21293 DEBUG oslo_service.service [req-fd174ad3-649f-4801-9e74-e73f413262d0 admin - - - -] service_credentials.cafile     = None log_opt_values /usr/lib/python2.7/site-packages/oslo_config/cfg.py:2525
2016-03-14 12:20:27.211 21293 DEBUG oslo_service.service [req-fd174ad3-649f-4801-9e74-e73f413262d0 admin - - - -] service_credentials.certfile   = None log_opt_values /usr/lib/python2.7/site-packages/oslo_config/cfg.py:2525
2016-03-14 12:20:27.212 21293 DEBUG oslo_service.service [req-fd174ad3-649f-4801-9e74-e73f413262d0 admin - - - -] service_credentials.insecure   = False log_opt_values /usr/lib/python2.7/site-packages/oslo_config/cfg.py:2525
2016-03-14 12:20:27.213 21293 DEBUG oslo_service.service [req-fd174ad3-649f-4801-9e74-e73f413262d0 admin - - - -] service_credentials.interface  = public log_opt_values /usr/lib/python2.7/site-packages/oslo_config/cfg.py:2525
2016-03-14 12:20:27.213 21293 DEBUG oslo_service.service [req-fd174ad3-649f-4801-9e74-e73f413262d0 admin - - - -] service_credentials.keyfile    = None log_opt_values /usr/lib/python2.7/site-packages/oslo_config/cfg.py:2525
2016-03-14 12:20:27.214 21293 DEBUG oslo_service.service [req-fd174ad3-649f-4801-9e74-e73f413262d0 admin - - - -] service_credentials.os_auth_url = http://192.168.122.1:5000/v2.0 log_opt_values /usr/lib/python2.7/site-packages/oslo_config/cfg.py:2525
2016-03-14 12:20:27.214 21290 DEBUG ceilometer.declarative [-] No Definitions configuration file found!Using default config. load_definitions /opt/stack/ceilometer/ceilometer/declarative.py:133
2016-03-14 12:20:27.215 21290 DEBUG ceilometer.declarative [-] Loading definitions configuration file: /opt/stack/ceilometer/ceilometer/meter/data/meters.yaml load_definitions /opt/stack/ceilometer/ceilometer/declarative.py:138
2016-03-14 12:20:27.214 21293 DEBUG oslo_service.service [req-fd174ad3-649f-4801-9e74-e73f413262d0 admin - - - -] service_credentials.os_password = **** log_opt_values /usr/lib/python2.7/site-packages/oslo_config/cfg.py:2525
2016-03-14 12:20:27.215 21293 DEBUG oslo_service.service [req-fd174ad3-649f-4801-9e74-e73f413262d0 admin - - - -] service_credentials.os_tenant_id = None log_opt_values /usr/lib/python2.7/site-packages/oslo_config/cfg.py:2525
2016-03-14 12:20:27.216 21293 DEBUG oslo_service.service [req-fd174ad3-649f-4801-9e74-e73f413262d0 admin - - - -] service_credentials.os_tenant_name = service log_opt_values /usr/lib/python2.7/site-packages/oslo_config/cfg.py:2525
2016-03-14 12:20:27.216 21293 DEBUG oslo_service.service [req-fd174ad3-649f-4801-9e74-e73f413262d0 admin - - - -] service_credentials.os_username = ceilometer log_opt_values /usr/lib/python2.7/site-packages/oslo_config/cfg.py:2525
2016-03-14 12:20:27.217 21293 DEBUG oslo_service.service [req-fd174ad3-649f-4801-9e74-e73f413262d0 admin - - - -] service_credentials.region_name = RegionOne log_opt_values /usr/lib/python2.7/site-packages/oslo_config/cfg.py:2525
2016-03-14 12:20:27.218 21293 DEBUG oslo_service.service [req-fd174ad3-649f-4801-9e74-e73f413262d0 admin - - - -] service_credentials.timeout    = None log_opt_values /usr/lib/python2.7/site-packages/oslo_config/cfg.py:2525
2016-03-14 12:20:27.219 21293 DEBUG oslo_service.service [req-fd174ad3-649f-4801-9e74-e73f413262d0 admin - - - -] polling.partitioning_group_prefix = None log_opt_values /usr/lib/python2.7/site-packages/oslo_config/cfg.py:2525
2016-03-14 12:20:27.219 21293 DEBUG oslo_service.service [req-fd174ad3-649f-4801-9e74-e73f413262d0 admin - - - -] oslo_messaging_notifications.driver = [] log_opt_values /usr/lib/python2.7/site-packages/oslo_config/cfg.py:2525
2016-03-14 12:20:27.220 21293 DEBUG oslo_service.service [req-fd174ad3-649f-4801-9e74-e73f413262d0 admin - - - -] oslo_messaging_notifications.topics = ['notifications'] log_opt_values /usr/lib/python2.7/site-packages/oslo_config/cfg.py:2525
2016-03-14 12:20:27.218 21291 INFO ceilometer.pipeline [req-15f83cce-e4e3-4cac-a55e-f5f4764b65fd admin - - - -] Pipeline config: {'sources': [{'interval': 600, 'meters': ['*'], 'name': 'meter_source', 'sinks': ['meter_sink']}, {'interval': 600, 'meters': ['cpu'], 'name': 'cpu_source', 'sinks': ['cpu_sink', 'cpu_delta_sink']}, {'interval': 600, 'meters': ['disk.read.bytes', 'disk.read.requests', 'disk.write.bytes', 'disk.write.requests', 'disk.device.read.bytes', 'disk.device.read.requests', 'disk.device.write.bytes', 'disk.device.write.requests'], 'name': 'disk_source', 'sinks': ['disk_sink']}, {'interval': 600, 'meters': ['network.incoming.bytes', 'network.incoming.packets', 'network.outgoing.bytes', 'network.outgoing.packets'], 'name': 'network_source', 'sinks': ['network_sink']}], 'sinks': [{'publishers': ['notifier://'], 'transformers': None, 'name': 'meter_sink'}, {'publishers': ['notifier://'], 'transformers': [{'name': 'rate_of_change', 'parameters': {'target': {'scale': '100.0 / (10**9 * (resource_metadata.cpu_number or 1))', 'type': 'gauge', 'name': 'cpu_util', 'unit': '%'}}}], 'name': 'cpu_sink'}, {'publishers': ['notifier://'], 'transformers': [{'name': 'delta', 'parameters': {'target': {'name': 'cpu.delta'}, 'growth_only': True}}], 'name': 'cpu_delta_sink'}, {'publishers': ['notifier://'], 'transformers': [{'name': 'rate_of_change', 'parameters': {'source': {'map_from': {'name': '(disk\\.device|disk)\\.(read|write)\\.(bytes|requests)', 'unit': '(B|request)'}}, 'target': {'type': 'gauge', 'map_to': {'name': '\\1.\\2.\\3.rate', 'unit': '\\1/s'}}}}], 'name': 'disk_sink'}, {'publishers': ['notifier://'], 'transformers': [{'name': 'rate_of_change', 'parameters': {'source': {'map_from': {'name': 'network\\.(incoming|outgoing)\\.(bytes|packets)', 'unit': '(B|packet)'}}, 'target': {'type': 'gauge', 'map_to': {'name': 'network.\\1.\\2.rate', 'unit': '\\1/s'}}}}], 'name': 'network_sink'}]}
2016-03-14 12:20:27.221 21293 DEBUG oslo_service.service [req-fd174ad3-649f-4801-9e74-e73f413262d0 admin - - - -] oslo_messaging_notifications.transport_url = None log_opt_values /usr/lib/python2.7/site-packages/oslo_config/cfg.py:2525
2016-03-14 12:20:27.221 21291 INFO ceilometer.pipeline [req-15f83cce-e4e3-4cac-a55e-f5f4764b65fd admin - - - -] detected decoupled pipeline config format
2016-03-14 12:20:27.221 21293 DEBUG oslo_service.service [req-fd174ad3-649f-4801-9e74-e73f413262d0 admin - - - -] publisher_notifier.event_topic = event log_opt_values /usr/lib/python2.7/site-packages/oslo_config/cfg.py:2525
2016-03-14 12:20:27.222 21293 DEBUG oslo_service.service [req-fd174ad3-649f-4801-9e74-e73f413262d0 admin - - - -] publisher_notifier.metering_topic = metering log_opt_values /usr/lib/python2.7/site-packages/oslo_config/cfg.py:2525
2016-03-14 12:20:27.223 21293 DEBUG oslo_service.service [req-fd174ad3-649f-4801-9e74-e73f413262d0 admin - - - -] publisher_notifier.telemetry_driver = messagingv2 log_opt_values /usr/lib/python2.7/site-packages/oslo_config/cfg.py:2525
2016-03-14 12:20:27.223 21293 DEBUG oslo_service.service [req-fd174ad3-649f-4801-9e74-e73f413262d0 admin - - - -] collector.workers              = 2 log_opt_values /usr/lib/python2.7/site-packages/oslo_config/cfg.py:2525
2016-03-14 12:20:27.223 21293 DEBUG oslo_service.service [req-fd174ad3-649f-4801-9e74-e73f413262d0 admin - - - -] coordination.backend_url       = None log_opt_values /usr/lib/python2.7/site-packages/oslo_config/cfg.py:2525
2016-03-14 12:20:27.224 21293 DEBUG oslo_service.service [req-fd174ad3-649f-4801-9e74-e73f413262d0 admin - - - -] coordination.check_watchers    = 10.0 log_opt_values /usr/lib/python2.7/site-packages/oslo_config/cfg.py:2525
2016-03-14 12:20:27.224 21293 DEBUG oslo_service.service [req-fd174ad3-649f-4801-9e74-e73f413262d0 admin - - - -] coordination.heartbeat         = 1.0 log_opt_values /usr/lib/python2.7/site-packages/oslo_config/cfg.py:2525
2016-03-14 12:20:27.225 21293 DEBUG oslo_service.service [req-fd174ad3-649f-4801-9e74-e73f413262d0 admin - - - -] oslo_concurrency.disable_process_locking = False log_opt_values /usr/lib/python2.7/site-packages/oslo_config/cfg.py:2525
2016-03-14 12:20:27.225 21293 DEBUG oslo_service.service [req-fd174ad3-649f-4801-9e74-e73f413262d0 admin - - - -] oslo_concurrency.lock_path     = None log_opt_values /usr/lib/python2.7/site-packages/oslo_config/cfg.py:2525
2016-03-14 12:20:27.225 21293 DEBUG oslo_service.service [req-fd174ad3-649f-4801-9e74-e73f413262d0 admin - - - -] ******************************************************************************** log_opt_values /usr/lib/python2.7/site-packages/oslo_config/cfg.py:2527
2016-03-14 12:20:27.226 21293 DEBUG ceilometer.pipeline [req-fd174ad3-649f-4801-9e74-e73f413262d0 admin - - - -] Polling config file: /etc/ceilometer/pipeline.yaml _setup_polling_manager /opt/stack/ceilometer/ceilometer/pipeline.py:804
