2016-03-14 12:21:11.461 21671 DEBUG ceilometer.transformer.conversions [-] scaling conversion transformer with source: {'map_from': {'name': 'network\\.(incoming|outgoing)\\.(bytes|packets)', 'unit': '(B|packet)'}} target: {'map_to': {'name': 'network.\\1.\\2.rate', 'unit': '\\1/s'}, 'type': 'gauge'}: __init__ /opt/stack/ceilometer/ceilometer/transformer/conversions.py:135
2016-03-14 12:21:11.462 21671 INFO ceilometer.pipeline [-] Pipeline network_sink: Setup transformer instance rate_of_change with parameter {'source': {'map_from': {'name': 'network\\.(incoming|outgoing)\\.(bytes|packets)', 'unit': '(B|packet)'}}, 'target': {'type': 'gauge', 'map_to': {'name': 'network.\\1.\\2.rate', 'unit': '\\1/s'}}}
2016-03-14 12:21:11.463 21671 DEBUG ceilometer.pipeline [-] Pipeline config file: /etc/ceilometer/event_pipeline.yaml _setup_pipeline_manager /opt/stack/ceilometer/ceilometer/pipeline.py:785
2016-03-14 12:21:11.515 21671 INFO ceilometer.pipeline [-] Pipeline config: {'sources': [{'events': ['*'], 'name': 'event_source', 'sinks': ['event_sink']}], 'sinks': [{'publishers': ['notifier://'], 'transformers': None, 'name': 'event_sink', 'triggers': None}]}
2016-03-14 12:21:11.515 21671 INFO ceilometer.pipeline [-] detected decoupled pipeline config format
2016-03-14 12:21:11.517 21671 INFO ceilometer.publisher.messaging [-] Publishing policy set to default
2016-03-14 12:21:11.518 21671 WARNING oslo_config.cfg [-] Option "notification_topics" from group "DEFAULT" is deprecated. Use option "topics" from group "oslo_messaging_notifications".
2016-03-14 12:21:11.532 21672 DEBUG oslo_concurrency.processutils [-] Running cmd (subprocess): ipmitool sdr info execute /usr/lib/python2.7/site-packages/oslo_concurrency/processutils.py:326
2016-03-14 12:21:11.560 21672 DEBUG oslo_concurrency.processutils [-] u'ipmitool sdr info' failed. Not Retrying. execute /usr/lib/python2.7/site-packages/oslo_concurrency/processutils.py:404
2016-03-14 12:21:11.561 21672 ERROR ceilometer.agent.manager [-] Skip loading extension for hardware.ipmi.voltage
2016-03-14 12:21:11.561 21672 ERROR ceilometer.agent.manager Traceback (most recent call last):
2016-03-14 12:21:11.561 21672 ERROR ceilometer.agent.manager   File "/usr/lib/python2.7/site-packages/stevedore/extension.py", line 163, in _load_plugins
2016-03-14 12:21:11.561 21672 ERROR ceilometer.agent.manager     verify_requirements,
2016-03-14 12:21:11.561 21672 ERROR ceilometer.agent.manager   File "/usr/lib/python2.7/site-packages/stevedore/extension.py", line 188, in _load_one_plugin
2016-03-14 12:21:11.561 21672 ERROR ceilometer.agent.manager     obj = plugin(*invoke_args, **invoke_kwds)
2016-03-14 12:21:11.561 21672 ERROR ceilometer.agent.manager   File "/opt/stack/ceilometer/ceilometer/agent/plugin_base.py", line 172, in __init__
2016-03-14 12:21:11.561 21672 ERROR ceilometer.agent.manager     raise ExtensionLoadError(err)
2016-03-14 12:21:11.561 21672 ERROR ceilometer.agent.manager ExtensionLoadError: [Errno 2] No such file or directory
2016-03-14 12:21:11.561 21672 ERROR ceilometer.agent.manager 
2016-03-14 12:21:11.640 21670 DEBUG ceilometer.declarative [-] No Definitions configuration file found!Using default config. load_definitions /opt/stack/ceilometer/ceilometer/declarative.py:133
2016-03-14 12:21:11.641 21670 DEBUG ceilometer.declarative [-] Loading definitions configuration file: /opt/stack/ceilometer/ceilometer/hardware/pollsters/data/snmp.yaml load_definitions /opt/stack/ceilometer/ceilometer/declarative.py:138
2016-03-14 12:21:11.721 21672 DEBUG oslo_concurrency.processutils [-] Running cmd (subprocess): ipmitool raw 0x0a 0x2c 0x00 execute /usr/lib/python2.7/site-packages/oslo_concurrency/processutils.py:326
2016-03-14 12:21:11.721 21670 INFO ceilometer.declarative [-] Definitions: {'metric': [{'snmp_inspector': {'oid': '1.3.6.1.4.1.2021.10.1.3.1', 'type': 'lambda x: float(str(x))', 'matching_type': 'type_exact'}, 'type': 'gauge', 'name': 'hardware.cpu.load.1min', 'unit': 'process'}, {'snmp_inspector': {'oid': '1.3.6.1.4.1.2021.10.1.3.2', 'type': 'lambda x: float(str(x))', 'matching_type': 'type_exact'}, 'type': 'gauge', 'name': 'hardware.cpu.load.5min', 'unit': 'process'}, {'snmp_inspector': {'oid': '1.3.6.1.4.1.2021.10.1.3.3', 'type': 'lambda x: float(str(x))', 'matching_type': 'type_exact'}, 'type': 'gauge', 'name': 'hardware.cpu.load.15min', 'unit': 'process'}, {'snmp_inspector': {'oid': '1.3.6.1.4.1.2021.11.9.0', 'type': 'int', 'matching_type': 'type_exact'}, 'type': 'gauge', 'name': 'hardware.cpu.util', 'unit': '%'}, {'snmp_inspector': {'post_op': '_post_op_disk', 'oid': '1.3.6.1.4.1.2021.9.1.6', 'type': 'int', 'matching_type': 'type_prefix', 'metadata': {'device': {'oid': '1.3.6.1.4.1.2021.9.1.3', 'type': 'str'}, 'path': {'oid': '1.3.6.1.4.1.2021.9.1.2', 'type': 'str'}}}, 'type': 'gauge', 'name': 'hardware.disk.size.total', 'unit': 'KB'}, {'snmp_inspector': {'post_op': '_post_op_disk', 'oid': '1.3.6.1.4.1.2021.9.1.8', 'type': 'int', 'matching_type': 'type_prefix', 'metadata': {'device': {'oid': '1.3.6.1.4.1.2021.9.1.3', 'type': 'str'}, 'path': {'oid': '1.3.6.1.4.1.2021.9.1.2', 'type': 'str'}}}, 'type': 'gauge', 'name': 'hardware.disk.size.used', 'unit': 'KB'}, {'snmp_inspector': {'oid': '1.3.6.1.4.1.2021.4.5.0', 'type': 'int', 'matching_type': 'type_exact'}, 'type': 'gauge', 'name': 'hardware.memory.total', 'unit': 'KB'}, {'snmp_inspector': {'oid': '1.3.6.1.4.1.2021.4.6.0', 'type': 'int', 'matching_type': 'type_exact', 'post_op': '_post_op_memory_avail_to_used'}, 'type': 'gauge', 'name': 'hardware.memory.used', 'unit': 'KB'}, {'snmp_inspector': {'oid': '1.3.6.1.4.1.2021.4.3.0', 'type': 'int', 'matching_type': 'type_exact'}, 'type': 'gauge', 'name': 'hardware.memory.swap.total', 'unit': 'KB'}, {'snmp_inspector': {'oid': '1.3.6.1.4.1.2021.4.4.0', 'type': 'int', 'matching_type': 'type_exact'}, 'type': 'gauge', 'name': 'hardware.memory.swap.avail', 'unit': 'KB'}, {'snmp_inspector': {'oid': '1.3.6.1.4.1.2021.4.14.0', 'type': 'int', 'matching_type': 'type_exact'}, 'type': 'gauge', 'name': 'hardware.memory.buffer', 'unit': 'KB'}, {'snmp_inspector': {'oid': '1.3.6.1.4.1.2021.4.15.0', 'type': 'int', 'matching_type': 'type_exact'}, 'type': 'gauge', 'name': 'hardware.memory.cached', 'unit': 'KB'}, {'snmp_inspector': {'post_op': '_post_op_net', 'oid': '1.3.6.1.2.1.2.2.1.10', 'type': 'int', 'matching_type': 'type_prefix', 'metadata': {'mac': {'oid': '1.3.6.1.2.1.2.2.1.6', 'type': "lambda x: x.prettyPrint().replace('0x', '')"}, 'speed': {'oid': '1.3.6.1.2.1.2.2.1.5', 'type': 'lambda x: int(x) / 8'}, 'name': {'oid': '1.3.6.1.2.1.2.2.1.2', 'type': 'str'}}}, 'type': 'cumulative', 'name': 'hardware.network.incoming.bytes', 'unit': 'B'}, {'snmp_inspector': {'post_op': '_post_op_net', 'oid': '1.3.6.1.2.1.2.2.1.16', 'type': 'int', 'matching_type': 'type_prefix', 'metadata': {'mac': {'oid': '1.3.6.1.2.1.2.2.1.6', 'type': "lambda x: x.prettyPrint().replace('0x', '')"}, 'speed': {'oid': '1.3.6.1.2.1.2.2.1.5', 'type': 'lambda x: int(x) / 8'}, 'name': {'oid': '1.3.6.1.2.1.2.2.1.2', 'type': 'str'}}}, 'type': 'cumulative', 'name': 'hardware.network.outgoing.bytes', 'unit': 'B'}, {'snmp_inspector': {'post_op': '_post_op_net', 'oid': '1.3.6.1.2.1.2.2.1.20', 'type': 'int', 'matching_type': 'type_prefix', 'metadata': {'mac': {'oid': '1.3.6.1.2.1.2.2.1.6', 'type': "lambda x: x.prettyPrint().replace('0x', '')"}, 'speed': {'oid': '1.3.6.1.2.1.2.2.1.5', 'type': 'lambda x: int(x) / 8'}, 'name': {'oid': '1.3.6.1.2.1.2.2.1.2', 'type': 'str'}}}, 'type': 'cumulative', 'name': 'hardware.network.outgoing.errors', 'unit': 'packet'}, {'snmp_inspector': {'oid': '1.3.6.1.2.1.4.10.0', 'type': 'int', 'matching_type': 'type_exact'}, 'type': 'cumulative', 'name': 'hardware.network.ip.outgoing.datagrams', 'unit': 'datagrams'}, {'snmp_inspector': {'oid': '1.3.6.1.2.1.4.3.0', 'type': 'int', 'matching_type': 'type_exact'}, 'type': 'cumulative', 'name': 'hardware.network.ip.incoming.datagrams', 'unit': 'datagrams'}, {'snmp_inspector': {'oid': '1.3.6.1.4.1.2021.11.11.0', 'type': 'int', 'matching_type': 'type_exact'}, 'type': 'gauge', 'name': 'hardware.system_stats.cpu.idle', 'unit': '%'}, {'snmp_inspector': {'oid': '1.3.6.1.4.1.2021.11.57.0', 'type': 'int', 'matching_type': 'type_exact'}, 'type': 'cumulative', 'name': 'hardware.system_stats.io.outgoing.blocks', 'unit': 'blocks'}, {'snmp_inspector': {'oid': '1.3.6.1.4.1.2021.11.58.0', 'type': 'int', 'matching_type': 'type_exact'}, 'type': 'cumulative', 'name': 'hardware.system_stats.io.incoming.blocks', 'unit': 'blocks'}]}
2016-03-14 12:21:11.728 21672 DEBUG oslo_concurrency.processutils [-] u'ipmitool raw 0x0a 0x2c 0x00' failed. Not Retrying. execute /usr/lib/python2.7/site-packages/oslo_concurrency/processutils.py:404
2016-03-14 12:21:11.729 21672 ERROR ceilometer.agent.manager [-] Skip loading extension for hardware.ipmi.node.power
2016-03-14 12:21:11.729 21672 ERROR ceilometer.agent.manager Traceback (most recent call last):
2016-03-14 12:21:11.729 21672 ERROR ceilometer.agent.manager   File "/usr/lib/python2.7/site-packages/stevedore/extension.py", line 163, in _load_plugins
2016-03-14 12:21:11.729 21672 ERROR ceilometer.agent.manager     verify_requirements,
2016-03-14 12:21:11.729 21672 ERROR ceilometer.agent.manager   File "/usr/lib/python2.7/site-packages/stevedore/extension.py", line 188, in _load_one_plugin
2016-03-14 12:21:11.729 21672 ERROR ceilometer.agent.manager     obj = plugin(*invoke_args, **invoke_kwds)
2016-03-14 12:21:11.729 21672 ERROR ceilometer.agent.manager   File "/opt/stack/ceilometer/ceilometer/agent/plugin_base.py", line 172, in __init__
2016-03-14 12:21:11.729 21672 ERROR ceilometer.agent.manager     raise ExtensionLoadError(err)
2016-03-14 12:21:11.729 21672 ERROR ceilometer.agent.manager ExtensionLoadError: [Errno 2] No such file or directory
2016-03-14 12:21:11.729 21672 ERROR ceilometer.agent.manager 
2016-03-14 12:21:11.731 21672 ERROR ceilometer.agent.manager [-] Skip loading extension for hardware.ipmi.node.cups
2016-03-14 12:21:11.731 21672 ERROR ceilometer.agent.manager Traceback (most recent call last):
2016-03-14 12:21:11.731 21672 ERROR ceilometer.agent.manager   File "/usr/lib/python2.7/site-packages/stevedore/extension.py", line 163, in _load_plugins
2016-03-14 12:21:11.731 21672 ERROR ceilometer.agent.manager     verify_requirements,
2016-03-14 12:21:11.731 21672 ERROR ceilometer.agent.manager   File "/usr/lib/python2.7/site-packages/stevedore/extension.py", line 188, in _load_one_plugin
2016-03-14 12:21:11.731 21672 ERROR ceilometer.agent.manager     obj = plugin(*invoke_args, **invoke_kwds)
2016-03-14 12:21:11.731 21672 ERROR ceilometer.agent.manager   File "/opt/stack/ceilometer/ceilometer/agent/plugin_base.py", line 172, in __init__
2016-03-14 12:21:11.731 21672 ERROR ceilometer.agent.manager     raise ExtensionLoadError(err)
2016-03-14 12:21:11.731 21672 ERROR ceilometer.agent.manager ExtensionLoadError
2016-03-14 12:21:11.731 21672 ERROR ceilometer.agent.manager 
2016-03-14 12:21:11.732 21672 ERROR ceilometer.agent.manager [-] Skip loading extension for hardware.ipmi.current
2016-03-14 12:21:11.732 21672 ERROR ceilometer.agent.manager Traceback (most recent call last):
2016-03-14 12:21:11.732 21672 ERROR ceilometer.agent.manager   File "/usr/lib/python2.7/site-packages/stevedore/extension.py", line 163, in _load_plugins
2016-03-14 12:21:11.732 21672 ERROR ceilometer.agent.manager     verify_requirements,
2016-03-14 12:21:11.732 21672 ERROR ceilometer.agent.manager   File "/usr/lib/python2.7/site-packages/stevedore/extension.py", line 188, in _load_one_plugin
2016-03-14 12:21:11.732 21672 ERROR ceilometer.agent.manager     obj = plugin(*invoke_args, **invoke_kwds)
2016-03-14 12:21:11.732 21672 ERROR ceilometer.agent.manager   File "/opt/stack/ceilometer/ceilometer/agent/plugin_base.py", line 172, in __init__
2016-03-14 12:21:11.732 21672 ERROR ceilometer.agent.manager     raise ExtensionLoadError(err)
2016-03-14 12:21:11.732 21672 ERROR ceilometer.agent.manager ExtensionLoadError
2016-03-14 12:21:11.732 21672 ERROR ceilometer.agent.manager 
2016-03-14 12:21:11.734 21672 ERROR ceilometer.agent.manager [-] Skip loading extension for hardware.ipmi.node.cpu_util
2016-03-14 12:21:11.734 21672 ERROR ceilometer.agent.manager Traceback (most recent call last):
2016-03-14 12:21:11.734 21672 ERROR ceilometer.agent.manager   File "/usr/lib/python2.7/site-packages/stevedore/extension.py", line 163, in _load_plugins
2016-03-14 12:21:11.734 21672 ERROR ceilometer.agent.manager     verify_requirements,
2016-03-14 12:21:11.734 21672 ERROR ceilometer.agent.manager   File "/usr/lib/python2.7/site-packages/stevedore/extension.py", line 188, in _load_one_plugin
2016-03-14 12:21:11.734 21672 ERROR ceilometer.agent.manager     obj = plugin(*invoke_args, **invoke_kwds)
2016-03-14 12:21:11.734 21672 ERROR ceilometer.agent.manager   File "/opt/stack/ceilometer/ceilometer/agent/plugin_base.py", line 172, in __init__
2016-03-14 12:21:11.734 21672 ERROR ceilometer.agent.manager     raise ExtensionLoadError(err)
2016-03-14 12:21:11.734 21672 ERROR ceilometer.agent.manager ExtensionLoadError
2016-03-14 12:21:11.734 21672 ERROR ceilometer.agent.manager 
2016-03-14 12:21:11.736 21672 ERROR ceilometer.agent.manager [-] Skip loading extension for hardware.ipmi.node.outlet_temperature
2016-03-14 12:21:11.736 21672 ERROR ceilometer.agent.manager Traceback (most recent call last):
2016-03-14 12:21:11.736 21672 ERROR ceilometer.agent.manager   File "/usr/lib/python2.7/site-packages/stevedore/extension.py", line 163, in _load_plugins
2016-03-14 12:21:11.736 21672 ERROR ceilometer.agent.manager     verify_requirements,
2016-03-14 12:21:11.736 21672 ERROR ceilometer.agent.manager   File "/usr/lib/python2.7/site-packages/stevedore/extension.py", line 188, in _load_one_plugin
2016-03-14 12:21:11.736 21672 ERROR ceilometer.agent.manager     obj = plugin(*invoke_args, **invoke_kwds)
2016-03-14 12:21:11.736 21672 ERROR ceilometer.agent.manager   File "/opt/stack/ceilometer/ceilometer/agent/plugin_base.py", line 172, in __init__
2016-03-14 12:21:11.736 21672 ERROR ceilometer.agent.manager     raise ExtensionLoadError(err)
2016-03-14 12:21:11.736 21672 ERROR ceilometer.agent.manager ExtensionLoadError
2016-03-14 12:21:11.736 21672 ERROR ceilometer.agent.manager 
2016-03-14 12:21:11.736 21672 ERROR ceilometer.agent.manager [-] Skip loading extension for hardware.ipmi.node.airflow
2016-03-14 12:21:11.736 21672 ERROR ceilometer.agent.manager Traceback (most recent call last):
2016-03-14 12:21:11.736 21672 ERROR ceilometer.agent.manager   File "/usr/lib/python2.7/site-packages/stevedore/extension.py", line 163, in _load_plugins
2016-03-14 12:21:11.736 21672 ERROR ceilometer.agent.manager     verify_requirements,
2016-03-14 12:21:11.736 21672 ERROR ceilometer.agent.manager   File "/usr/lib/python2.7/site-packages/stevedore/extension.py", line 188, in _load_one_plugin
2016-03-14 12:21:11.736 21672 ERROR ceilometer.agent.manager     obj = plugin(*invoke_args, **invoke_kwds)
2016-03-14 12:21:11.736 21672 ERROR ceilometer.agent.manager   File "/opt/stack/ceilometer/ceilometer/agent/plugin_base.py", line 172, in __init__
2016-03-14 12:21:11.736 21672 ERROR ceilometer.agent.manager     raise ExtensionLoadError(err)
2016-03-14 12:21:11.736 21672 ERROR ceilometer.agent.manager ExtensionLoadError
2016-03-14 12:21:11.736 21672 ERROR ceilometer.agent.manager 
2016-03-14 12:21:11.737 21672 ERROR ceilometer.agent.manager [-] Skip loading extension for hardware.ipmi.temperature
2016-03-14 12:21:11.737 21672 ERROR ceilometer.agent.manager Traceback (most recent call last):
2016-03-14 12:21:11.737 21672 ERROR ceilometer.agent.manager   File "/usr/lib/python2.7/site-packages/stevedore/extension.py", line 163, in _load_plugins
2016-03-14 12:21:11.737 21672 ERROR ceilometer.agent.manager     verify_requirements,
2016-03-14 12:21:11.737 21672 ERROR ceilometer.agent.manager   File "/usr/lib/python2.7/site-packages/stevedore/extension.py", line 188, in _load_one_plugin
2016-03-14 12:21:11.737 21672 ERROR ceilometer.agent.manager     obj = plugin(*invoke_args, **invoke_kwds)
2016-03-14 12:21:11.737 21672 ERROR ceilometer.agent.manager   File "/opt/stack/ceilometer/ceilometer/agent/plugin_base.py", line 172, in __init__
2016-03-14 12:21:11.737 21672 ERROR ceilometer.agent.manager     raise ExtensionLoadError(err)
2016-03-14 12:21:11.737 21672 ERROR ceilometer.agent.manager ExtensionLoadError
2016-03-14 12:21:11.737 21672 ERROR ceilometer.agent.manager 
2016-03-14 12:21:11.738 21672 ERROR ceilometer.agent.manager [-] Skip loading extension for hardware.ipmi.fan
2016-03-14 12:21:11.738 21672 ERROR ceilometer.agent.manager Traceback (most recent call last):
2016-03-14 12:21:11.738 21672 ERROR ceilometer.agent.manager   File "/usr/lib/python2.7/site-packages/stevedore/extension.py", line 163, in _load_plugins
2016-03-14 12:21:11.738 21672 ERROR ceilometer.agent.manager     verify_requirements,
2016-03-14 12:21:11.738 21672 ERROR ceilometer.agent.manager   File "/usr/lib/python2.7/site-packages/stevedore/extension.py", line 188, in _load_one_plugin
2016-03-14 12:21:11.738 21672 ERROR ceilometer.agent.manager     obj = plugin(*invoke_args, **invoke_kwds)
2016-03-14 12:21:11.738 21672 ERROR ceilometer.agent.manager   File "/opt/stack/ceilometer/ceilometer/agent/plugin_base.py", line 172, in __init__
2016-03-14 12:21:11.738 21672 ERROR ceilometer.agent.manager     raise ExtensionLoadError(err)
2016-03-14 12:21:11.738 21672 ERROR ceilometer.agent.manager ExtensionLoadError
2016-03-14 12:21:11.738 21672 ERROR ceilometer.agent.manager 
2016-03-14 12:21:11.739 21671 DEBUG ceilometer.declarative [-] No Definitions configuration file found!Using default config. load_definitions /opt/stack/ceilometer/ceilometer/declarative.py:133
2016-03-14 12:21:11.740 21672 ERROR ceilometer.agent.manager [-] Skip loading extension for hardware.ipmi.node.mem_util
2016-03-14 12:21:11.740 21672 ERROR ceilometer.agent.manager Traceback (most recent call last):
2016-03-14 12:21:11.740 21672 ERROR ceilometer.agent.manager   File "/usr/lib/python2.7/site-packages/stevedore/extension.py", line 163, in _load_plugins
2016-03-14 12:21:11.740 21672 ERROR ceilometer.agent.manager     verify_requirements,
2016-03-14 12:21:11.740 21672 ERROR ceilometer.agent.manager   File "/usr/lib/python2.7/site-packages/stevedore/extension.py", line 188, in _load_one_plugin
2016-03-14 12:21:11.740 21672 ERROR ceilometer.agent.manager     obj = plugin(*invoke_args, **invoke_kwds)
2016-03-14 12:21:11.740 21672 ERROR ceilometer.agent.manager   File "/opt/stack/ceilometer/ceilometer/agent/plugin_base.py", line 172, in __init__
2016-03-14 12:21:11.740 21672 ERROR ceilometer.agent.manager     raise ExtensionLoadError(err)
2016-03-14 12:21:11.740 21672 ERROR ceilometer.agent.manager ExtensionLoadError
2016-03-14 12:21:11.740 21672 ERROR ceilometer.agent.manager 
2016-03-14 12:21:11.740 21671 DEBUG ceilometer.declarative [-] Loading definitions configuration file: /opt/stack/ceilometer/ceilometer/meter/data/meters.yaml load_definitions /opt/stack/ceilometer/ceilometer/declarative.py:138
2016-03-14 12:21:11.741 21672 ERROR ceilometer.agent.manager [-] Skip loading extension for hardware.ipmi.node.io_util
2016-03-14 12:21:11.741 21672 ERROR ceilometer.agent.manager Traceback (most recent call last):
2016-03-14 12:21:11.741 21672 ERROR ceilometer.agent.manager   File "/usr/lib/python2.7/site-packages/stevedore/extension.py", line 163, in _load_plugins
2016-03-14 12:21:11.741 21672 ERROR ceilometer.agent.manager     verify_requirements,
2016-03-14 12:21:11.741 21672 ERROR ceilometer.agent.manager   File "/usr/lib/python2.7/site-packages/stevedore/extension.py", line 188, in _load_one_plugin
2016-03-14 12:21:11.741 21672 ERROR ceilometer.agent.manager     obj = plugin(*invoke_args, **invoke_kwds)
2016-03-14 12:21:11.741 21672 ERROR ceilometer.agent.manager   File "/opt/stack/ceilometer/ceilometer/agent/plugin_base.py", line 172, in __init__
2016-03-14 12:21:11.741 21672 ERROR ceilometer.agent.manager     raise ExtensionLoadError(err)
2016-03-14 12:21:11.741 21672 ERROR ceilometer.agent.manager ExtensionLoadError
2016-03-14 12:21:11.741 21672 ERROR ceilometer.agent.manager 
2016-03-14 12:21:11.742 21672 ERROR ceilometer.agent.manager [-] Skip loading extension for hardware.ipmi.node.temperature
2016-03-14 12:21:11.742 21672 ERROR ceilometer.agent.manager Traceback (most recent call last):
2016-03-14 12:21:11.742 21672 ERROR ceilometer.agent.manager   File "/usr/lib/python2.7/site-packages/stevedore/extension.py", line 163, in _load_plugins
2016-03-14 12:21:11.742 21672 ERROR ceilometer.agent.manager     verify_requirements,
2016-03-14 12:21:11.742 21672 ERROR ceilometer.agent.manager   File "/usr/lib/python2.7/site-packages/stevedore/extension.py", line 188, in _load_one_plugin
2016-03-14 12:21:11.742 21672 ERROR ceilometer.agent.manager     obj = plugin(*invoke_args, **invoke_kwds)
2016-03-14 12:21:11.742 21672 ERROR ceilometer.agent.manager   File "/opt/stack/ceilometer/ceilometer/agent/plugin_base.py", line 172, in __init__
2016-03-14 12:21:11.742 21672 ERROR ceilometer.agent.manager     raise ExtensionLoadError(err)
2016-03-14 12:21:11.742 21672 ERROR ceilometer.agent.manager ExtensionLoadError
2016-03-14 12:21:11.742 21672 ERROR ceilometer.agent.manager 
2016-03-14 12:21:11.819 21670 WARNING oslo_config.cfg [req-d197e475-138a-4d16-8f9f-43ee06c9c083 admin - - - -] Option "notification_topics" from group "DEFAULT" is deprecated. Use option "topics" from group "oslo_messaging_notifications".
2016-03-14 12:21:11.821 21670 DEBUG oslo_concurrency.lockutils [req-d197e475-138a-4d16-8f9f-43ee06c9c083 admin - - - -] Acquired semaphore "singleton_lock" lock /usr/lib/python2.7/site-packages/oslo_concurrency/lockutils.py:212
2016-03-14 12:21:11.823 21670 DEBUG oslo_concurrency.lockutils [req-d197e475-138a-4d16-8f9f-43ee06c9c083 admin - - - -] Releasing semaphore "singleton_lock" lock /usr/lib/python2.7/site-packages/oslo_concurrency/lockutils.py:225
2016-03-14 12:21:11.825 21670 DEBUG oslo_service.service [req-d197e475-138a-4d16-8f9f-43ee06c9c083 admin - - - -] Full set of CONF: _wait_for_exit_or_signal /usr/lib/python2.7/site-packages/oslo_service/service.py:283
2016-03-14 12:21:11.825 21670 DEBUG oslo_service.service [req-d197e475-138a-4d16-8f9f-43ee06c9c083 admin - - - -] ******************************************************************************** log_opt_values /usr/lib/python2.7/site-packages/oslo_config/cfg.py:2503
2016-03-14 12:21:11.826 21670 DEBUG oslo_service.service [req-d197e475-138a-4d16-8f9f-43ee06c9c083 admin - - - -] Configuration options gathered from: log_opt_values /usr/lib/python2.7/site-packages/oslo_config/cfg.py:2504
2016-03-14 12:21:11.826 21670 DEBUG oslo_service.service [req-d197e475-138a-4d16-8f9f-43ee06c9c083 admin - - - -] command line args: ['--polling-namespaces', 'central', '--config-file', '/etc/ceilometer/ceilometer.conf'] log_opt_values /usr/lib/python2.7/site-packages/oslo_config/cfg.py:2505
2016-03-14 12:21:11.827 21670 DEBUG oslo_service.service [req-d197e475-138a-4d16-8f9f-43ee06c9c083 admin - - - -] config files: ['/etc/ceilometer/ceilometer.conf'] log_opt_values /usr/lib/python2.7/site-packages/oslo_config/cfg.py:2507
2016-03-14 12:21:11.827 21670 DEBUG oslo_service.service [req-d197e475-138a-4d16-8f9f-43ee06c9c083 admin - - - -] ================================================================================ log_opt_values /usr/lib/python2.7/site-packages/oslo_config/cfg.py:2508
2016-03-14 12:21:11.827 21670 DEBUG oslo_service.service [req-d197e475-138a-4d16-8f9f-43ee06c9c083 admin - - - -] backdoor_port                  = None log_opt_values /usr/lib/python2.7/site-packages/oslo_config/cfg.py:2517
2016-03-14 12:21:11.828 21670 DEBUG oslo_service.service [req-d197e475-138a-4d16-8f9f-43ee06c9c083 admin - - - -] backdoor_socket                = None log_opt_values /usr/lib/python2.7/site-packages/oslo_config/cfg.py:2517
2016-03-14 12:21:11.829 21670 DEBUG oslo_service.service [req-d197e475-138a-4d16-8f9f-43ee06c9c083 admin - - - -] batch_polled_samples           = True log_opt_values /usr/lib/python2.7/site-packages/oslo_config/cfg.py:2517
2016-03-14 12:21:11.829 21670 DEBUG oslo_service.service [req-d197e475-138a-4d16-8f9f-43ee06c9c083 admin - - - -] config_dir                     = None log_opt_values /usr/lib/python2.7/site-packages/oslo_config/cfg.py:2517
2016-03-14 12:21:11.830 21670 DEBUG oslo_service.service [req-d197e475-138a-4d16-8f9f-43ee06c9c083 admin - - - -] config_file                    = ['/etc/ceilometer/ceilometer.conf'] log_opt_values /usr/lib/python2.7/site-packages/oslo_config/cfg.py:2517
2016-03-14 12:21:11.830 21670 DEBUG oslo_service.service [req-d197e475-138a-4d16-8f9f-43ee06c9c083 admin - - - -] control_exchange               = ceilometer log_opt_values /usr/lib/python2.7/site-packages/oslo_config/cfg.py:2517
2016-03-14 12:21:11.831 21670 DEBUG oslo_service.service [req-d197e475-138a-4d16-8f9f-43ee06c9c083 admin - - - -] database_connection            = **** log_opt_values /usr/lib/python2.7/site-packages/oslo_config/cfg.py:2517
2016-03-14 12:21:11.831 21670 DEBUG oslo_service.service [req-d197e475-138a-4d16-8f9f-43ee06c9c083 admin - - - -] debug                          = True log_opt_values /usr/lib/python2.7/site-packages/oslo_config/cfg.py:2517
2016-03-14 12:21:11.832 21670 DEBUG oslo_service.service [req-d197e475-138a-4d16-8f9f-43ee06c9c083 admin - - - -] default_log_levels             = ['amqp=WARN', 'amqplib=WARN', 'boto=WARN', 'qpid=WARN', 'sqlalchemy=WARN', 'suds=INFO', 'oslo.messaging=INFO', 'iso8601=WARN', 'requests.packages.urllib3.connectionpool=WARN', 'urllib3.connectionpool=WARN', 'websocket=WARN', 'requests.packages.urllib3.util.retry=WARN', 'urllib3.util.retry=WARN', 'keystonemiddleware=WARN', 'routes.middleware=WARN', 'stevedore=WARN', 'taskflow=WARN', 'keystoneauth=WARN', 'oslo.cache=INFO', 'dogpile.core.dogpile=INFO', 'stevedore=INFO', 'keystoneclient=INFO', 'neutronclient=INFO'] log_opt_values /usr/lib/python2.7/site-packages/oslo_config/cfg.py:2517
2016-03-14 12:21:11.833 21670 DEBUG oslo_service.service [req-d197e475-138a-4d16-8f9f-43ee06c9c083 admin - - - -] event_pipeline_cfg_file        = event_pipeline.yaml log_opt_values /usr/lib/python2.7/site-packages/oslo_config/cfg.py:2517
2016-03-14 12:21:11.833 21670 DEBUG oslo_service.service [req-d197e475-138a-4d16-8f9f-43ee06c9c083 admin - - - -] glance_page_size               = 0 log_opt_values /usr/lib/python2.7/site-packages/oslo_config/cfg.py:2517
2016-03-14 12:21:11.834 21670 DEBUG oslo_service.service [req-d197e475-138a-4d16-8f9f-43ee06c9c083 admin - - - -] graceful_shutdown_timeout      = 60 log_opt_values /usr/lib/python2.7/site-packages/oslo_config/cfg.py:2517
2016-03-14 12:21:11.834 21670 DEBUG oslo_service.service [req-d197e475-138a-4d16-8f9f-43ee06c9c083 admin - - - -] host                           = unitedstack.com log_opt_values /usr/lib/python2.7/site-packages/oslo_config/cfg.py:2517
2016-03-14 12:21:11.835 21670 DEBUG oslo_service.service [req-d197e475-138a-4d16-8f9f-43ee06c9c083 admin - - - -] http_timeout                   = 600 log_opt_values /usr/lib/python2.7/site-packages/oslo_config/cfg.py:2517
2016-03-14 12:21:11.835 21670 DEBUG oslo_service.service [req-d197e475-138a-4d16-8f9f-43ee06c9c083 admin - - - -] instance_format                = [instance: %(uuid)s]  log_opt_values /usr/lib/python2.7/site-packages/oslo_config/cfg.py:2517
2016-03-14 12:21:11.836 21670 DEBUG oslo_service.service [req-d197e475-138a-4d16-8f9f-43ee06c9c083 admin - - - -] instance_uuid_format           = [instance: %(uuid)s]  log_opt_values /usr/lib/python2.7/site-packages/oslo_config/cfg.py:2517
2016-03-14 12:21:11.836 21670 DEBUG oslo_service.service [req-d197e475-138a-4d16-8f9f-43ee06c9c083 admin - - - -] log_config_append              = None log_opt_values /usr/lib/python2.7/site-packages/oslo_config/cfg.py:2517
2016-03-14 12:21:11.837 21670 DEBUG oslo_service.service [req-d197e475-138a-4d16-8f9f-43ee06c9c083 admin - - - -] log_date_format                = %Y-%m-%d %H:%M:%S log_opt_values /usr/lib/python2.7/site-packages/oslo_config/cfg.py:2517
2016-03-14 12:21:11.837 21670 DEBUG oslo_service.service [req-d197e475-138a-4d16-8f9f-43ee06c9c083 admin - - - -] log_dir                        = /var/log/ceilometer/ log_opt_values /usr/lib/python2.7/site-packages/oslo_config/cfg.py:2517
2016-03-14 12:21:11.838 21670 DEBUG oslo_service.service [req-d197e475-138a-4d16-8f9f-43ee06c9c083 admin - - - -] log_file                       = None log_opt_values /usr/lib/python2.7/site-packages/oslo_config/cfg.py:2517
2016-03-14 12:21:11.838 21670 DEBUG oslo_service.service [req-d197e475-138a-4d16-8f9f-43ee06c9c083 admin - - - -] log_format                     = None log_opt_values /usr/lib/python2.7/site-packages/oslo_config/cfg.py:2517
2016-03-14 12:21:11.839 21670 DEBUG oslo_service.service [req-d197e475-138a-4d16-8f9f-43ee06c9c083 admin - - - -] log_options                    = True log_opt_values /usr/lib/python2.7/site-packages/oslo_config/cfg.py:2517
2016-03-14 12:21:11.840 21670 DEBUG oslo_service.service [req-d197e475-138a-4d16-8f9f-43ee06c9c083 admin - - - -] logging_context_format_string  = %(asctime)s.%(msecs)03d %(process)d %(levelname)s %(name)s [%(request_id)s %(user_identity)s] %(instance)s%(message)s log_opt_values /usr/lib/python2.7/site-packages/oslo_config/cfg.py:2517
2016-03-14 12:21:11.841 21670 DEBUG oslo_service.service [req-d197e475-138a-4d16-8f9f-43ee06c9c083 admin - - - -] logging_debug_format_suffix    = %(funcName)s %(pathname)s:%(lineno)d log_opt_values /usr/lib/python2.7/site-packages/oslo_config/cfg.py:2517
2016-03-14 12:21:11.842 21670 DEBUG oslo_service.service [req-d197e475-138a-4d16-8f9f-43ee06c9c083 admin - - - -] logging_default_format_string  = %(asctime)s.%(msecs)03d %(process)d %(levelname)s %(name)s [-] %(instance)s%(message)s log_opt_values /usr/lib/python2.7/site-packages/oslo_config/cfg.py:2517
2016-03-14 12:21:11.842 21672 WARNING oslo_config.cfg [req-f27e3aea-b21c-4432-b0ba-136010fefc21 admin - - - -] Option "notification_topics" from group "DEFAULT" is deprecated. Use option "topics" from group "oslo_messaging_notifications".
2016-03-14 12:21:11.842 21670 DEBUG oslo_service.service [req-d197e475-138a-4d16-8f9f-43ee06c9c083 admin - - - -] logging_exception_prefix       = %(asctime)s.%(msecs)03d %(process)d ERROR %(name)s %(instance)s log_opt_values /usr/lib/python2.7/site-packages/oslo_config/cfg.py:2517
2016-03-14 12:21:11.843 21670 DEBUG oslo_service.service [req-d197e475-138a-4d16-8f9f-43ee06c9c083 admin - - - -] logging_user_identity_format   = %(user)s %(tenant)s %(domain)s %(user_domain)s %(project_domain)s log_opt_values /usr/lib/python2.7/site-packages/oslo_config/cfg.py:2517
2016-03-14 12:21:11.844 21670 DEBUG oslo_service.service [req-d197e475-138a-4d16-8f9f-43ee06c9c083 admin - - - -] nova_http_log_debug            = False log_opt_values /usr/lib/python2.7/site-packages/oslo_config/cfg.py:2517
2016-03-14 12:21:11.844 21670 DEBUG oslo_service.service [req-d197e475-138a-4d16-8f9f-43ee06c9c083 admin - - - -] pipeline_cfg_file              = pipeline.yaml log_opt_values /usr/lib/python2.7/site-packages/oslo_config/cfg.py:2517
2016-03-14 12:21:11.845 21670 DEBUG oslo_service.service [req-d197e475-138a-4d16-8f9f-43ee06c9c083 admin - - - -] pipeline_polling_interval      = 20 log_opt_values /usr/lib/python2.7/site-packages/oslo_config/cfg.py:2517
2016-03-14 12:21:11.845 21672 DEBUG oslo_concurrency.lockutils [req-f27e3aea-b21c-4432-b0ba-136010fefc21 admin - - - -] Acquired semaphore "singleton_lock" lock /usr/lib/python2.7/site-packages/oslo_concurrency/lockutils.py:212
2016-03-14 12:21:11.846 21670 DEBUG oslo_service.service [req-d197e475-138a-4d16-8f9f-43ee06c9c083 admin - - - -] polling_namespaces             = ['central'] log_opt_values /usr/lib/python2.7/site-packages/oslo_config/cfg.py:2517
2016-03-14 12:21:11.846 21672 DEBUG oslo_concurrency.lockutils [req-f27e3aea-b21c-4432-b0ba-136010fefc21 admin - - - -] Releasing semaphore "singleton_lock" lock /usr/lib/python2.7/site-packages/oslo_concurrency/lockutils.py:225
2016-03-14 12:21:11.846 21670 DEBUG oslo_service.service [req-d197e475-138a-4d16-8f9f-43ee06c9c083 admin - - - -] pollster_list                  = [] log_opt_values /usr/lib/python2.7/site-packages/oslo_config/cfg.py:2517
2016-03-14 12:21:11.847 21670 DEBUG oslo_service.service [req-d197e475-138a-4d16-8f9f-43ee06c9c083 admin - - - -] publish_errors                 = False log_opt_values /usr/lib/python2.7/site-packages/oslo_config/cfg.py:2517
2016-03-14 12:21:11.848 21670 DEBUG oslo_service.service [req-d197e475-138a-4d16-8f9f-43ee06c9c083 admin - - - -] refresh_event_pipeline_cfg     = False log_opt_values /usr/lib/python2.7/site-packages/oslo_config/cfg.py:2517
2016-03-14 12:21:11.848 21670 DEBUG oslo_service.service [req-d197e475-138a-4d16-8f9f-43ee06c9c083 admin - - - -] refresh_pipeline_cfg           = False log_opt_values /usr/lib/python2.7/site-packages/oslo_config/cfg.py:2517
2016-03-14 12:21:11.849 21672 DEBUG oslo_service.service [req-f27e3aea-b21c-4432-b0ba-136010fefc21 admin - - - -] Full set of CONF: _wait_for_exit_or_signal /usr/lib/python2.7/site-packages/oslo_service/service.py:283
2016-03-14 12:21:11.849 21670 DEBUG oslo_service.service [req-d197e475-138a-4d16-8f9f-43ee06c9c083 admin - - - -] reseller_prefix                = AUTH_ log_opt_values /usr/lib/python2.7/site-packages/oslo_config/cfg.py:2517
2016-03-14 12:21:11.849 21672 DEBUG oslo_service.service [req-f27e3aea-b21c-4432-b0ba-136010fefc21 admin - - - -] ******************************************************************************** log_opt_values /usr/lib/python2.7/site-packages/oslo_config/cfg.py:2503
2016-03-14 12:21:11.850 21672 DEBUG oslo_service.service [req-f27e3aea-b21c-4432-b0ba-136010fefc21 admin - - - -] Configuration options gathered from: log_opt_values /usr/lib/python2.7/site-packages/oslo_config/cfg.py:2504
2016-03-14 12:21:11.851 21672 DEBUG oslo_service.service [req-f27e3aea-b21c-4432-b0ba-136010fefc21 admin - - - -] command line args: ['--polling-namespaces', 'ipmi', '--config-file', '/etc/ceilometer/ceilometer.conf'] log_opt_values /usr/lib/python2.7/site-packages/oslo_config/cfg.py:2505
2016-03-14 12:21:11.850 21670 DEBUG oslo_service.service [req-d197e475-138a-4d16-8f9f-43ee06c9c083 admin - - - -] rootwrap_config                = /etc/ceilometer/rootwrap.conf log_opt_values /usr/lib/python2.7/site-packages/oslo_config/cfg.py:2517
2016-03-14 12:21:11.851 21670 DEBUG oslo_service.service [req-d197e475-138a-4d16-8f9f-43ee06c9c083 admin - - - -] rpc_backend                    = rabbit log_opt_values /usr/lib/python2.7/site-packages/oslo_config/cfg.py:2517
2016-03-14 12:21:11.851 21672 DEBUG oslo_service.service [req-f27e3aea-b21c-4432-b0ba-136010fefc21 admin - - - -] config files: ['/etc/ceilometer/ceilometer.conf'] log_opt_values /usr/lib/python2.7/site-packages/oslo_config/cfg.py:2507
2016-03-14 12:21:11.852 21670 DEBUG oslo_service.service [req-d197e475-138a-4d16-8f9f-43ee06c9c083 admin - - - -] sample_source                  = openstack log_opt_values /usr/lib/python2.7/site-packages/oslo_config/cfg.py:2517
2016-03-14 12:21:11.852 21672 DEBUG oslo_service.service [req-f27e3aea-b21c-4432-b0ba-136010fefc21 admin - - - -] ================================================================================ log_opt_values /usr/lib/python2.7/site-packages/oslo_config/cfg.py:2508
2016-03-14 12:21:11.852 21670 DEBUG oslo_service.service [req-d197e475-138a-4d16-8f9f-43ee06c9c083 admin - - - -] shuffle_time_before_polling_task = 0 log_opt_values /usr/lib/python2.7/site-packages/oslo_config/cfg.py:2517
2016-03-14 12:21:11.853 21672 DEBUG oslo_service.service [req-f27e3aea-b21c-4432-b0ba-136010fefc21 admin - - - -] backdoor_port                  = None log_opt_values /usr/lib/python2.7/site-packages/oslo_config/cfg.py:2517
2016-03-14 12:21:11.854 21670 DEBUG oslo_service.service [req-d197e475-138a-4d16-8f9f-43ee06c9c083 admin - - - -] sql_expire_samples_only        = False log_opt_values /usr/lib/python2.7/site-packages/oslo_config/cfg.py:2517
2016-03-14 12:21:11.854 21672 DEBUG oslo_service.service [req-f27e3aea-b21c-4432-b0ba-136010fefc21 admin - - - -] backdoor_socket                = None log_opt_values /usr/lib/python2.7/site-packages/oslo_config/cfg.py:2517
2016-03-14 12:21:11.855 21670 DEBUG oslo_service.service [req-d197e475-138a-4d16-8f9f-43ee06c9c083 admin - - - -] syslog_log_facility            = LOG_USER log_opt_values /usr/lib/python2.7/site-packages/oslo_config/cfg.py:2517
2016-03-14 12:21:11.855 21670 DEBUG oslo_service.service [req-d197e475-138a-4d16-8f9f-43ee06c9c083 admin - - - -] transport_url                  = None log_opt_values /usr/lib/python2.7/site-packages/oslo_config/cfg.py:2517
2016-03-14 12:21:11.855 21672 DEBUG oslo_service.service [req-f27e3aea-b21c-4432-b0ba-136010fefc21 admin - - - -] batch_polled_samples           = True log_opt_values /usr/lib/python2.7/site-packages/oslo_config/cfg.py:2517
2016-03-14 12:21:11.855 21670 DEBUG oslo_service.service [req-d197e475-138a-4d16-8f9f-43ee06c9c083 admin - - - -] use_stderr                     = True log_opt_values /usr/lib/python2.7/site-packages/oslo_config/cfg.py:2517
2016-03-14 12:21:11.856 21670 DEBUG oslo_service.service [req-d197e475-138a-4d16-8f9f-43ee06c9c083 admin - - - -] use_syslog                     = False log_opt_values /usr/lib/python2.7/site-packages/oslo_config/cfg.py:2517
2016-03-14 12:21:11.856 21672 DEBUG oslo_service.service [req-f27e3aea-b21c-4432-b0ba-136010fefc21 admin - - - -] config_dir                     = None log_opt_values /usr/lib/python2.7/site-packages/oslo_config/cfg.py:2517
2016-03-14 12:21:11.856 21670 DEBUG oslo_service.service [req-d197e475-138a-4d16-8f9f-43ee06c9c083 admin - - - -] use_syslog_rfc_format          = True log_opt_values /usr/lib/python2.7/site-packages/oslo_config/cfg.py:2517
2016-03-14 12:21:11.856 21672 DEBUG oslo_service.service [req-f27e3aea-b21c-4432-b0ba-136010fefc21 admin - - - -] config_file                    = ['/etc/ceilometer/ceilometer.conf'] log_opt_values /usr/lib/python2.7/site-packages/oslo_config/cfg.py:2517
2016-03-14 12:21:11.857 21670 DEBUG oslo_service.service [req-d197e475-138a-4d16-8f9f-43ee06c9c083 admin - - - -] verbose                        = True log_opt_values /usr/lib/python2.7/site-packages/oslo_config/cfg.py:2517
2016-03-14 12:21:11.857 21670 DEBUG oslo_service.service [req-d197e475-138a-4d16-8f9f-43ee06c9c083 admin - - - -] watch_log_file                 = False log_opt_values /usr/lib/python2.7/site-packages/oslo_config/cfg.py:2517
2016-03-14 12:21:11.857 21672 DEBUG oslo_service.service [req-f27e3aea-b21c-4432-b0ba-136010fefc21 admin - - - -] control_exchange               = ceilometer log_opt_values /usr/lib/python2.7/site-packages/oslo_config/cfg.py:2517
2016-03-14 12:21:11.857 21670 DEBUG oslo_service.service [req-d197e475-138a-4d16-8f9f-43ee06c9c083 admin - - - -] publisher.telemetry_secret     = **** log_opt_values /usr/lib/python2.7/site-packages/oslo_config/cfg.py:2525
2016-03-14 12:21:11.858 21672 DEBUG oslo_service.service [req-f27e3aea-b21c-4432-b0ba-136010fefc21 admin - - - -] database_connection            = **** log_opt_values /usr/lib/python2.7/site-packages/oslo_config/cfg.py:2517
2016-03-14 12:21:11.858 21670 DEBUG oslo_service.service [req-d197e475-138a-4d16-8f9f-43ee06c9c083 admin - - - -] service_types.glance           = image log_opt_values /usr/lib/python2.7/site-packages/oslo_config/cfg.py:2525
2016-03-14 12:21:11.858 21670 DEBUG oslo_service.service [req-d197e475-138a-4d16-8f9f-43ee06c9c083 admin - - - -] service_types.kwapi            = energy log_opt_values /usr/lib/python2.7/site-packages/oslo_config/cfg.py:2525
2016-03-14 12:21:11.858 21672 DEBUG oslo_service.service [req-f27e3aea-b21c-4432-b0ba-136010fefc21 admin - - - -] debug                          = True log_opt_values /usr/lib/python2.7/site-packages/oslo_config/cfg.py:2517
2016-03-14 12:21:11.859 21670 DEBUG oslo_service.service [req-d197e475-138a-4d16-8f9f-43ee06c9c083 admin - - - -] service_types.neutron          = network log_opt_values /usr/lib/python2.7/site-packages/oslo_config/cfg.py:2525
2016-03-14 12:21:11.859 21670 DEBUG oslo_service.service [req-d197e475-138a-4d16-8f9f-43ee06c9c083 admin - - - -] service_types.nova             = compute log_opt_values /usr/lib/python2.7/site-packages/oslo_config/cfg.py:2525
2016-03-14 12:21:11.860 21670 DEBUG oslo_service.service [req-d197e475-138a-4d16-8f9f-43ee06c9c083 admin - - - -] service_types.radosgw          = object-store log_opt_values /usr/lib/python2.7/site-packages/oslo_config/cfg.py:2525
2016-03-14 12:21:11.859 21672 DEBUG oslo_service.service [req-f27e3aea-b21c-4432-b0ba-136010fefc21 admin - - - -] default_log_levels             = ['amqp=WARN', 'amqplib=WARN', 'boto=WARN', 'qpid=WARN', 'sqlalchemy=WARN', 'suds=INFO', 'oslo.messaging=INFO', 'iso8601=WARN', 'requests.packages.urllib3.connectionpool=WARN', 'urllib3.connectionpool=WARN', 'websocket=WARN', 'requests.packages.urllib3.util.retry=WARN', 'urllib3.util.retry=WARN', 'keystonemiddleware=WARN', 'routes.middleware=WARN', 'stevedore=WARN', 'taskflow=WARN', 'keystoneauth=WARN', 'oslo.cache=INFO', 'dogpile.core.dogpile=INFO', 'stevedore=INFO', 'keystoneclient=INFO', 'neutronclient=INFO'] log_opt_values /usr/lib/python2.7/site-packages/oslo_config/cfg.py:2517
2016-03-14 12:21:11.860 21670 DEBUG oslo_service.service [req-d197e475-138a-4d16-8f9f-43ee06c9c083 admin - - - -] service_types.swift            = object-store log_opt_values /usr/lib/python2.7/site-packages/oslo_config/cfg.py:2525
2016-03-14 12:21:11.860 21672 DEBUG oslo_service.service [req-f27e3aea-b21c-4432-b0ba-136010fefc21 admin - - - -] event_pipeline_cfg_file        = event_pipeline.yaml log_opt_values /usr/lib/python2.7/site-packages/oslo_config/cfg.py:2517
2016-03-14 12:21:11.860 21670 DEBUG oslo_service.service [req-d197e475-138a-4d16-8f9f-43ee06c9c083 admin - - - -] compute.workload_partitioning  = False log_opt_values /usr/lib/python2.7/site-packages/oslo_config/cfg.py:2525
2016-03-14 12:21:11.861 21670 DEBUG oslo_service.service [req-d197e475-138a-4d16-8f9f-43ee06c9c083 admin - - - -] database.backend               = sqlalchemy log_opt_values /usr/lib/python2.7/site-packages/oslo_config/cfg.py:2525
2016-03-14 12:21:11.861 21672 DEBUG oslo_service.service [req-f27e3aea-b21c-4432-b0ba-136010fefc21 admin - - - -] glance_page_size               = 0 log_opt_values /usr/lib/python2.7/site-packages/oslo_config/cfg.py:2517
2016-03-14 12:21:11.861 21670 DEBUG oslo_service.service [req-d197e475-138a-4d16-8f9f-43ee06c9c083 admin - - - -] database.connection            = **** log_opt_values /usr/lib/python2.7/site-packages/oslo_config/cfg.py:2525
2016-03-14 12:21:11.861 21672 DEBUG oslo_service.service [req-f27e3aea-b21c-4432-b0ba-136010fefc21 admin - - - -] graceful_shutdown_timeout      = 60 log_opt_values /usr/lib/python2.7/site-packages/oslo_config/cfg.py:2517
2016-03-14 12:21:11.862 21670 DEBUG oslo_service.service [req-d197e475-138a-4d16-8f9f-43ee06c9c083 admin - - - -] database.connection_debug      = 0 log_opt_values /usr/lib/python2.7/site-packages/oslo_config/cfg.py:2525
2016-03-14 12:21:11.862 21670 DEBUG oslo_service.service [req-d197e475-138a-4d16-8f9f-43ee06c9c083 admin - - - -] database.connection_trace      = False log_opt_values /usr/lib/python2.7/site-packages/oslo_config/cfg.py:2525
2016-03-14 12:21:11.862 21672 DEBUG oslo_service.service [req-f27e3aea-b21c-4432-b0ba-136010fefc21 admin - - - -] host                           = unitedstack.com log_opt_values /usr/lib/python2.7/site-packages/oslo_config/cfg.py:2517
2016-03-14 12:21:11.862 21670 DEBUG oslo_service.service [req-d197e475-138a-4d16-8f9f-43ee06c9c083 admin - - - -] database.db2nosql_resource_id_maxlen = 512 log_opt_values /usr/lib/python2.7/site-packages/oslo_config/cfg.py:2525
2016-03-14 12:21:11.863 21672 DEBUG oslo_service.service [req-f27e3aea-b21c-4432-b0ba-136010fefc21 admin - - - -] http_timeout                   = 600 log_opt_values /usr/lib/python2.7/site-packages/oslo_config/cfg.py:2517
2016-03-14 12:21:11.863 21670 DEBUG oslo_service.service [req-d197e475-138a-4d16-8f9f-43ee06c9c083 admin - - - -] database.db_inc_retry_interval = True log_opt_values /usr/lib/python2.7/site-packages/oslo_config/cfg.py:2525
2016-03-14 12:21:11.864 21670 DEBUG oslo_service.service [req-d197e475-138a-4d16-8f9f-43ee06c9c083 admin - - - -] database.db_max_retries        = 20 log_opt_values /usr/lib/python2.7/site-packages/oslo_config/cfg.py:2525
2016-03-14 12:21:11.863 21672 DEBUG oslo_service.service [req-f27e3aea-b21c-4432-b0ba-136010fefc21 admin - - - -] instance_format                = [instance: %(uuid)s]  log_opt_values /usr/lib/python2.7/site-packages/oslo_config/cfg.py:2517
2016-03-14 12:21:11.864 21670 DEBUG oslo_service.service [req-d197e475-138a-4d16-8f9f-43ee06c9c083 admin - - - -] database.db_max_retry_interval = 10 log_opt_values /usr/lib/python2.7/site-packages/oslo_config/cfg.py:2525
2016-03-14 12:21:11.864 21672 DEBUG oslo_service.service [req-f27e3aea-b21c-4432-b0ba-136010fefc21 admin - - - -] instance_uuid_format           = [instance: %(uuid)s]  log_opt_values /usr/lib/python2.7/site-packages/oslo_config/cfg.py:2517
2016-03-14 12:21:11.865 21670 DEBUG oslo_service.service [req-d197e475-138a-4d16-8f9f-43ee06c9c083 admin - - - -] database.db_retry_interval     = 1 log_opt_values /usr/lib/python2.7/site-packages/oslo_config/cfg.py:2525
2016-03-14 12:21:11.865 21672 DEBUG oslo_service.service [req-f27e3aea-b21c-4432-b0ba-136010fefc21 admin - - - -] ironic_exchange                = ironic log_opt_values /usr/lib/python2.7/site-packages/oslo_config/cfg.py:2517
2016-03-14 12:21:11.865 21670 DEBUG oslo_service.service [req-d197e475-138a-4d16-8f9f-43ee06c9c083 admin - - - -] database.event_connection      = **** log_opt_values /usr/lib/python2.7/site-packages/oslo_config/cfg.py:2525
2016-03-14 12:21:11.866 21672 DEBUG oslo_service.service [req-f27e3aea-b21c-4432-b0ba-136010fefc21 admin - - - -] log_config_append              = None log_opt_values /usr/lib/python2.7/site-packages/oslo_config/cfg.py:2517
2016-03-14 12:21:11.866 21670 DEBUG oslo_service.service [req-d197e475-138a-4d16-8f9f-43ee06c9c083 admin - - - -] database.event_time_to_live    = -1 log_opt_values /usr/lib/python2.7/site-packages/oslo_config/cfg.py:2525
2016-03-14 12:21:11.867 21670 DEBUG oslo_service.service [req-d197e475-138a-4d16-8f9f-43ee06c9c083 admin - - - -] database.idle_timeout          = 3600 log_opt_values /usr/lib/python2.7/site-packages/oslo_config/cfg.py:2525
2016-03-14 12:21:11.867 21672 DEBUG oslo_service.service [req-f27e3aea-b21c-4432-b0ba-136010fefc21 admin - - - -] log_date_format                = %Y-%m-%d %H:%M:%S log_opt_values /usr/lib/python2.7/site-packages/oslo_config/cfg.py:2517
2016-03-14 12:21:11.867 21670 DEBUG oslo_service.service [req-d197e475-138a-4d16-8f9f-43ee06c9c083 admin - - - -] database.max_overflow          = None log_opt_values /usr/lib/python2.7/site-packages/oslo_config/cfg.py:2525
2016-03-14 12:21:11.867 21672 DEBUG oslo_service.service [req-f27e3aea-b21c-4432-b0ba-136010fefc21 admin - - - -] log_dir                        = /var/log/ceilometer/ log_opt_values /usr/lib/python2.7/site-packages/oslo_config/cfg.py:2517
2016-03-14 12:21:11.868 21672 DEBUG oslo_service.service [req-f27e3aea-b21c-4432-b0ba-136010fefc21 admin - - - -] log_file                       = None log_opt_values /usr/lib/python2.7/site-packages/oslo_config/cfg.py:2517
2016-03-14 12:21:11.867 21670 DEBUG oslo_service.service [req-d197e475-138a-4d16-8f9f-43ee06c9c083 admin - - - -] database.max_pool_size         = None log_opt_values /usr/lib/python2.7/site-packages/oslo_config/cfg.py:2525
2016-03-14 12:21:11.869 21672 DEBUG oslo_service.service [req-f27e3aea-b21c-4432-b0ba-136010fefc21 admin - - - -] log_format                     = None log_opt_values /usr/lib/python2.7/site-packages/oslo_config/cfg.py:2517
2016-03-14 12:21:11.869 21670 DEBUG oslo_service.service [req-d197e475-138a-4d16-8f9f-43ee06c9c083 admin - - - -] database.max_retries           = 10 log_opt_values /usr/lib/python2.7/site-packages/oslo_config/cfg.py:2525
2016-03-14 12:21:11.869 21672 DEBUG oslo_service.service [req-f27e3aea-b21c-4432-b0ba-136010fefc21 admin - - - -] log_options                    = True log_opt_values /usr/lib/python2.7/site-packages/oslo_config/cfg.py:2517
2016-03-14 12:21:11.870 21670 DEBUG oslo_service.service [req-d197e475-138a-4d16-8f9f-43ee06c9c083 admin - - - -] database.metering_connection   = **** log_opt_values /usr/lib/python2.7/site-packages/oslo_config/cfg.py:2525
2016-03-14 12:21:11.870 21670 DEBUG oslo_service.service [req-d197e475-138a-4d16-8f9f-43ee06c9c083 admin - - - -] database.metering_time_to_live = -1 log_opt_values /usr/lib/python2.7/site-packages/oslo_config/cfg.py:2525
2016-03-14 12:21:11.870 21672 DEBUG oslo_service.service [req-f27e3aea-b21c-4432-b0ba-136010fefc21 admin - - - -] logging_context_format_string  = %(asctime)s.%(msecs)03d %(process)d %(levelname)s %(name)s [%(request_id)s %(user_identity)s] %(instance)s%(message)s log_opt_values /usr/lib/python2.7/site-packages/oslo_config/cfg.py:2517
2016-03-14 12:21:11.870 21670 DEBUG oslo_service.service [req-d197e475-138a-4d16-8f9f-43ee06c9c083 admin - - - -] database.min_pool_size         = 1 log_opt_values /usr/lib/python2.7/site-packages/oslo_config/cfg.py:2525
2016-03-14 12:21:11.870 21672 DEBUG oslo_service.service [req-f27e3aea-b21c-4432-b0ba-136010fefc21 admin - - - -] logging_debug_format_suffix    = %(funcName)s %(pathname)s:%(lineno)d log_opt_values /usr/lib/python2.7/site-packages/oslo_config/cfg.py:2517
2016-03-14 12:21:11.871 21670 DEBUG oslo_service.service [req-d197e475-138a-4d16-8f9f-43ee06c9c083 admin - - - -] database.mysql_sql_mode        = TRADITIONAL log_opt_values /usr/lib/python2.7/site-packages/oslo_config/cfg.py:2525
